#-----------------------------------------------------------
# Vivado v2020.2 (64-bit)
# SW Build 3064766 on Wed Nov 18 09:12:45 MST 2020
# IP Build 3064653 on Wed Nov 18 14:17:31 MST 2020
# Start of session at: Sat Jul 24 20:43:31 2021
# Process ID: 34440
# Current directory: H:/NextCloud/Git/ZYBO/projects/DigitalAudio/projects/I2S_AudioRecorder/hardware/I2S_AudioRecorder.runs/System_AXIS_I2S_Receiver_0_0_synth_1
# Command line: vivado.exe -log System_AXIS_I2S_Receiver_0_0.vds -product Vivado -mode batch -messageDb vivado.pb -notrace -source System_AXIS_I2S_Receiver_0_0.tcl
# Log file: H:/NextCloud/Git/ZYBO/projects/DigitalAudio/projects/I2S_AudioRecorder/hardware/I2S_AudioRecorder.runs/System_AXIS_I2S_Receiver_0_0_synth_1/System_AXIS_I2S_Receiver_0_0.vds
# Journal file: H:/NextCloud/Git/ZYBO/projects/DigitalAudio/projects/I2S_AudioRecorder/hardware/I2S_AudioRecorder.runs/System_AXIS_I2S_Receiver_0_0_synth_1\vivado.jou
#-----------------------------------------------------------
source System_AXIS_I2S_Receiver_0_0.tcl -notrace
