Archive member included to satisfy reference by file (symbol)

D:/Segger/lib/libc_v7em_fpv4_sp_d16_hard_t_le_eabi.a(libc2.o)
                              Output/Debug/Obj/I2S_Sender/nrf_log_str_formatter.o (isprint)
D:/Segger/lib/libc_v7em_fpv4_sp_d16_hard_t_le_eabi.a(libc2_asm.o)
                              Output/Debug/Obj/I2S_Sender/nrf_log_frontend.o (memcpy)
D:/Segger/lib/libc_v7em_fpv4_sp_d16_hard_t_le_eabi.a(libvfprintf.o)
                              (__vfprintf_long)
D:/Segger/lib/libc_v7em_fpv4_sp_d16_hard_t_le_eabi.a(libvfscanf.o)
                              (__vfscanf_long)
D:/Segger/lib/libc_v7em_fpv4_sp_d16_hard_t_le_eabi.a(libc.o)
                              D:/Segger/lib/libc_v7em_fpv4_sp_d16_hard_t_le_eabi.a(libc2.o) (__heap_lock)
D:/Segger/lib/libc_v7em_fpv4_sp_d16_hard_t_le_eabi.a(libc_asm.o)
                              D:/Segger/lib/libc_v7em_fpv4_sp_d16_hard_t_le_eabi.a(libc2.o) (__aeabi_uldivmod)
D:/Segger/lib/libdebugio_v7em_fpv4_sp_d16_hard_t_le_eabi.a(libdebugio.o)
                              Output/Debug/Obj/I2S_Sender/thumb_crt0.o (debug_fopen)
D:/Segger/lib/libdebugio_v7em_fpv4_sp_d16_hard_t_le_eabi.a(do_nv_debug_operation.o)
                              D:/Segger/lib/libdebugio_v7em_fpv4_sp_d16_hard_t_le_eabi.a(libdebugio.o) (__do_nvdebug_operation)
D:/Segger/lib/libdebugio_v7em_fpv4_sp_d16_hard_t_le_eabi.a(mempoll_debug_operations.o)
                              (__do_debug_operation_mempoll)
D:/Segger/lib/libm_v7em_fpv4_sp_d16_hard_t_le_eabi.a(libm_asm.o)
                              D:/Segger/lib/libc_v7em_fpv4_sp_d16_hard_t_le_eabi.a(libc2.o) (__aeabi_dadd)
D:/Segger/lib/libm_v7em_fpv4_sp_d16_hard_t_le_eabi.a(libm2.o)
                              D:/Segger/lib/libc_v7em_fpv4_sp_d16_hard_t_le_eabi.a(libvfprintf.o) (frexp)

Discarded input sections

 .text          0x0000000000000000        0x0 Output/Debug/Obj/I2S_Sender/thumb_crt0.o
 .data          0x0000000000000000        0x0 Output/Debug/Obj/I2S_Sender/thumb_crt0.o
 .bss           0x0000000000000000        0x0 Output/Debug/Obj/I2S_Sender/thumb_crt0.o
 .text.__aeabi_read_tp
                0x0000000000000000        0x8 Output/Debug/Obj/I2S_Sender/thumb_crt0.o
 .text.abort    0x0000000000000000        0x2 Output/Debug/Obj/I2S_Sender/thumb_crt0.o
 .text.__assert
                0x0000000000000000        0x2 Output/Debug/Obj/I2S_Sender/thumb_crt0.o
 .text.__assert_func
                0x0000000000000000        0x2 Output/Debug/Obj/I2S_Sender/thumb_crt0.o
 .text.__aeabi_assert
                0x0000000000000000        0x2 Output/Debug/Obj/I2S_Sender/thumb_crt0.o
 .text.__sync_synchronize
                0x0000000000000000        0x2 Output/Debug/Obj/I2S_Sender/thumb_crt0.o
 .text.__getchar
                0x0000000000000000        0x4 Output/Debug/Obj/I2S_Sender/thumb_crt0.o
 .text.__putchar
                0x0000000000000000        0x4 Output/Debug/Obj/I2S_Sender/thumb_crt0.o
 .text.__open   0x0000000000000000        0x4 Output/Debug/Obj/I2S_Sender/thumb_crt0.o
 .text.__close  0x0000000000000000        0x4 Output/Debug/Obj/I2S_Sender/thumb_crt0.o
 .text.__write  0x0000000000000000        0xa Output/Debug/Obj/I2S_Sender/thumb_crt0.o
 .text.__read   0x0000000000000000        0xa Output/Debug/Obj/I2S_Sender/thumb_crt0.o
 .text.__seek   0x0000000000000000       0x1a Output/Debug/Obj/I2S_Sender/thumb_crt0.o
 .text.remove   0x0000000000000000        0x4 Output/Debug/Obj/I2S_Sender/thumb_crt0.o
 .text.rename   0x0000000000000000        0x4 Output/Debug/Obj/I2S_Sender/thumb_crt0.o
 .bss.__user_locale_name_buffer
                0x0000000000000000        0x4 Output/Debug/Obj/I2S_Sender/thumb_crt0.o
 .stack         0x0000000000000000        0x0 Output/Debug/Obj/I2S_Sender/thumb_crt0.o
 .stack_process
                0x0000000000000000        0x0 Output/Debug/Obj/I2S_Sender/thumb_crt0.o
 .heap          0x0000000000000000        0x0 Output/Debug/Obj/I2S_Sender/thumb_crt0.o
 .group         0x0000000000000000        0xc Output/Debug/Obj/I2S_Sender/nrf_log_backend_rtt.o
 .group         0x0000000000000000        0xc Output/Debug/Obj/I2S_Sender/nrf_log_backend_rtt.o
 .group         0x0000000000000000        0xc Output/Debug/Obj/I2S_Sender/nrf_log_backend_rtt.o
 .group         0x0000000000000000        0xc Output/Debug/Obj/I2S_Sender/nrf_log_backend_rtt.o
 .group         0x0000000000000000        0xc Output/Debug/Obj/I2S_Sender/nrf_log_backend_rtt.o
 .group         0x0000000000000000        0xc Output/Debug/Obj/I2S_Sender/nrf_log_backend_rtt.o
 .group         0x0000000000000000        0xc Output/Debug/Obj/I2S_Sender/nrf_log_backend_rtt.o
 .group         0x0000000000000000        0xc Output/Debug/Obj/I2S_Sender/nrf_log_backend_rtt.o
 .group         0x0000000000000000        0xc Output/Debug/Obj/I2S_Sender/nrf_log_backend_rtt.o
 .group         0x0000000000000000        0xc Output/Debug/Obj/I2S_Sender/nrf_log_backend_rtt.o
 .group         0x0000000000000000        0xc Output/Debug/Obj/I2S_Sender/nrf_log_backend_rtt.o
[...]
Memory Configuration

Name             Origin             Length             Attributes
UNPLACED_SECTIONS 0x0000000100000000 0x0000000000000000 xw
RAM1             0x0000000020000000 0x0000000000010000 xw
FLASH            0x0000000000000000 0x0000000000080000 xw
*default*        0x0000000000000000 0xffffffffffffffff

Linker script and memory map

                0x0000000000000000                __do_debug_operation = __do_debug_operation_mempoll
                0x0000000000000000                __vfprintf = __vfprintf_long
                0x0000000000000000                __vfscanf = __vfscanf_long
                0x0000000020000000                __RAM1_segment_start__ = 0x20000000
                0x0000000020010000                __RAM1_segment_end__ = 0x20010000
                0x0000000000010000                __RAM1_segment_size__ = 0x10000
                0x0000000000000000                __FLASH_segment_start__ = 0x0
                0x0000000000080000                __FLASH_segment_end__ = 0x80000
                0x0000000000080000                __FLASH_segment_size__ = 0x80000
                0x0000000000002000                __HEAPSIZE__ = 0x2000
                0x0000000000000000                __STACKSIZE_PROCESS__ = 0x0
                0x0000000000002000                __STACKSIZE__ = 0x2000
                0x0000000020000000                __vectors_ram_load_start__ = 0x20000000

.vectors_ram    0x0000000020000000        0x0
                0x0000000020000000                __vectors_ram_start__ = .
                0x0000000020000000                __app_ram_start__ = __vectors_ram_start__
 *(.vectors_ram .vectors_ram.*)
                0x0000000020000000                __vectors_ram_end__ = (__vectors_ram_start__ + SIZEOF (.vectors_ram))
                0x0000000000000000                __vectors_ram_size__ = SIZEOF (.vectors_ram)
                0x0000000020000000                __vectors_ram_load_end__ = __vectors_ram_end__
                0x0000000000000001                . = ASSERT (((__vectors_ram_start__ == __vectors_ram_end__) || ((__vectors_ram_end__ - __RAM1_segment_start__) <= __RAM1_segment_size__)), error: .vectors_ram is too large to fit in RAM1 memory segment)
                0x0000000020000000                __nrf_sections_run_load_start__ = ALIGN (__vectors_ram_end__, 0x4)

.nrf_sections_run
                0x0000000020000000        0x0
                0x0000000020000000                __nrf_sections_run_start__ = .
                0x0000000020000000                __start_nrf_sections_run = __nrf_sections_run_start__
 *(.nrf_sections_run .nrf_sections_run.*)
                0x0000000020000000                __nrf_sections_run_end__ = (__nrf_sections_run_start__ + SIZEOF (.nrf_sections_run))
                0x0000000000000000                __nrf_sections_run_size__ = SIZEOF (.nrf_sections_run)
                0x0000000020000000                __nrf_sections_run_load_end__ = __nrf_sections_run_end__
                0x0000000000000001                . = ASSERT (((__nrf_sections_run_start__ == __nrf_sections_run_end__) || ((__nrf_sections_run_end__ - __RAM1_segment_start__) <= __RAM1_segment_size__)), error: .nrf_sections_run is too large to fit in RAM1 memory segment)
                0x0000000000000000                __vectors_load_start__ = 0x0

.vectors        0x0000000000000000      0x200
                0x0000000000000000                __vectors_start__ = .
 *(.vectors .vectors.*)
 .vectors       0x0000000000000000      0x200 Output/Debug/Obj/I2S_Sender/ses_startup_nrf52.o
                0x0000000000000000                _vectors
                0x0000000000000200                __vectors_end__ = (__vectors_start__ + SIZEOF (.vectors))
                0x0000000000000200                __vectors_size__ = SIZEOF (.vectors)
                0x0000000000000200                __vectors_load_end__ = __vectors_end__
                0x0000000000000001                . = ASSERT (((__vectors_start__ == __vectors_end__) || ((__vectors_end__ - __FLASH_segment_start__) <= __FLASH_segment_size__)), error: .vectors is too large to fit in FLASH memory segment)
                0x0000000000000200                __init_load_start__ = ALIGN (__vectors_end__, 0x4)

.init           0x0000000000000200      0x1d0
                0x0000000000000200                __init_start__ = .
 *(.init .init.*)
 .init          0x0000000000000200      0x15c Output/Debug/Obj/I2S_Sender/thumb_crt0.o
                0x0000000000000200                _start
                0x00000000000002b4                exit
 .init          0x000000000000035c       0x18 Output/Debug/Obj/I2S_Sender/ses_startup_nrf52.o
                0x000000000000035c                NMI_Handler
                0x000000000000035e                HardFault_Handler
                0x0000000000000360                MemoryManagement_Handler
                0x0000000000000362                BusFault_Handler
                0x0000000000000364                UsageFault_Handler
                0x0000000000000366                SVC_Handler
                0x0000000000000368                DebugMon_Handler
                0x000000000000036a                PendSV_Handler
                0x000000000000036c                SysTick_Handler
                0x000000000000036e                PWM1_IRQHandler
                0x000000000000036e                GPIOTE_IRQHandler
                0x000000000000036e                SWI0_EGU0_IRQHandler
                0x000000000000036e                POWER_CLOCK_IRQHandler
                0x000000000000036e                RADIO_IRQHandler
                0x000000000000036e                PDM_IRQHandler
                0x000000000000036e                TEMP_IRQHandler
                0x000000000000036e                RTC0_IRQHandler
                0x000000000000036e                TIMER3_IRQHandler
                0x000000000000036e                FPU_IRQHandler
                0x000000000000036e                SPIM0_SPIS0_TWIM0_TWIS0_SPI0_TWI0_IRQHandler
                0x000000000000036e                SWI2_EGU2_IRQHandler
                0x000000000000036e                TIMER4_IRQHandler
                0x000000000000036e                SWI4_EGU4_IRQHandler
                0x000000000000036e                TIMER0_IRQHandler
                0x000000000000036e                Dummy_Handler
                0x000000000000036e                TIMER1_IRQHandler
                0x000000000000036e                PWM2_IRQHandler
                0x000000000000036e                ECB_IRQHandler
                0x000000000000036e                SPIM1_SPIS1_TWIM1_TWIS1_SPI1_TWI1_IRQHandler
                0x000000000000036e                SAADC_IRQHandler
                0x000000000000036e                CCM_AAR_IRQHandler
                0x000000000000036e                WDT_IRQHandler
                0x000000000000036e                QDEC_IRQHandler
                0x000000000000036e                SWI5_EGU5_IRQHandler
                0x000000000000036e                RNG_IRQHandler
                0x000000000000036e                RTC2_IRQHandler
                0x000000000000036e                PWM0_IRQHandler
                0x000000000000036e                SWI3_EGU3_IRQHandler
                0x000000000000036e                RTC1_IRQHandler
                0x000000000000036e                SWI1_EGU1_IRQHandler
                0x000000000000036e                SPIM2_SPIS2_SPI2_IRQHandler
                0x000000000000036e                NFCT_IRQHandler
                0x000000000000036e                TIMER2_IRQHandler
                0x000000000000036e                MWU_IRQHandler
                0x000000000000036e                COMP_LPCOMP_IRQHandler
                0x0000000000000370                nRFInitialize
 .init          0x0000000000000374       0x5c Output/Debug/Obj/I2S_Sender/ses_startup_nrf_common.o
                0x0000000000000374                Reset_Handler
                0x0000000000000378                afterInitialize
                0x000000000000039c                InitializeUserMemorySections
                0x00000000000003d0                __init_end__ = (__init_start__ + SIZEOF (.init))
                0x00000000000001d0                __init_size__ = SIZEOF (.init)
                0x00000000000003d0                __init_load_end__ = __init_end__
                0x0000000000000001                . = ASSERT (((__init_start__ == __init_end__) || ((__init_end__ - __FLASH_segment_start__) <= __FLASH_segment_size__)), error: .init is too large to fit in FLASH memory segment)
                0x00000000000003d0                __init_rodata_load_start__ = ALIGN (__init_end__, 0x4)

.init_rodata    0x00000000000003d0        0x0
                0x00000000000003d0                __init_rodata_start__ = .
 *(.init_rodata .init_rodata.*)
                0x00000000000003d0                __init_rodata_end__ = (__init_rodata_start__ + SIZEOF (.init_rodata))
                0x0000000000000000                __init_rodata_size__ = SIZEOF (.init_rodata)
                0x00000000000003d0                __init_rodata_load_end__ = __init_rodata_end__
                0x0000000000000001                . = ASSERT (((__init_rodata_start__ == __init_rodata_end__) || ((__init_rodata_end__ - __FLASH_segment_start__) <= __FLASH_segment_size__)), error: .init_rodata is too large to fit in FLASH memory segment)
                0x00000000000003d0                __text_load_start__ = ALIGN (__init_rodata_end__, 0x4)

.text           0x00000000000003d0     0x5568
                0x00000000000003d0                __text_start__ = .
 *(.text .text.* .glue_7t .glue_7 .gnu.linkonce.t.* .gcc_except_table .ARM.extab* .gnu.linkonce.armextab.*)
 .glue_7        0x00000000000003d0        0x0 linker stubs
 .glue_7t       0x00000000000003d0        0x0 linker stubs
 .text.nrf_log_backend_serial_put
                0x00000000000003d0      0x124 Output/Debug/Obj/I2S_Sender/nrf_log_backend_serial.o
                0x00000000000003d0                nrf_log_backend_serial_put
 .text.nrf_drv_uart_uninit
                0x00000000000004f4       0x44 Output/Debug/Obj/I2S_Sender/nrf_log_backend_uart.o
 .text.nrf_drv_uart_tx
                0x0000000000000538       0x64 Output/Debug/Obj/I2S_Sender/nrf_log_backend_uart.o
 .text.uart_evt_handler
                0x000000000000059c       0x18 Output/Debug/Obj/I2S_Sender/nrf_log_backend_uart.o
 .text.uart_init
                0x00000000000005b4       0x88 Output/Debug/Obj/I2S_Sender/nrf_log_backend_uart.o
 .text.nrf_log_backend_uart_init
                0x000000000000063c       0x1c Output/Debug/Obj/I2S_Sender/nrf_log_backend_uart.o
                0x000000000000063c                nrf_log_backend_uart_init
 .text.serial_tx
                0x0000000000000658       0x6c Output/Debug/Obj/I2S_Sender/nrf_log_backend_uart.o
 .text.nrf_log_backend_uart_put
                0x00000000000006c4       0x28 Output/Debug/Obj/I2S_Sender/nrf_log_backend_uart.o
 .text.nrf_log_backend_uart_flush
                0x00000000000006ec        0xa Output/Debug/Obj/I2S_Sender/nrf_log_backend_uart.o
 *fill*         0x00000000000006f6        0x2 
 .text.nrf_log_backend_uart_panic_set
                0x00000000000006f8       0x20 Output/Debug/Obj/I2S_Sender/nrf_log_backend_uart.o
 .text.nrf_log_backend_enable
                0x0000000000000718       0x12 Output/Debug/Obj/I2S_Sender/nrf_log_default_backends.o
 *fill*         0x000000000000072a        0x2 
 .text.nrf_log_default_backends_init
                0x000000000000072c       0x3c Output/Debug/Obj/I2S_Sender/nrf_log_default_backends.o
                0x000000000000072c                nrf_log_default_backends_init
 .text.nrf_log_backend_put
                0x0000000000000768       0x1c Output/Debug/Obj/I2S_Sender/nrf_log_frontend.o
 .text.nrf_log_backend_panic_set
                0x0000000000000784       0x18 Output/Debug/Obj/I2S_Sender/nrf_log_frontend.o
 .text.nrf_log_backend_flush
                0x000000000000079c       0x18 Output/Debug/Obj/I2S_Sender/nrf_log_frontend.o
 .text.nrf_log_backend_id_set
                0x00000000000007b4       0x1a Output/Debug/Obj/I2S_Sender/nrf_log_frontend.o
 .text.nrf_log_backend_id_get
                0x00000000000007ce       0x10 Output/Debug/Obj/I2S_Sender/nrf_log_frontend.o
 .text.nrf_log_backend_enable
                0x00000000000007de       0x12 Output/Debug/Obj/I2S_Sender/nrf_log_frontend.o
 .text.nrf_log_backend_is_enabled
                0x00000000000007f0       0x10 Output/Debug/Obj/I2S_Sender/nrf_log_frontend.o
 .text.nrf_log_init
                0x0000000000000800       0x50 Output/Debug/Obj/I2S_Sender/nrf_log_frontend.o
                0x0000000000000800                nrf_log_init
 .text.nrf_log_module_cnt_get
                0x0000000000000850       0x14 Output/Debug/Obj/I2S_Sender/nrf_log_frontend.o
                0x0000000000000850                nrf_log_module_cnt_get
 .text.module_idx_get
                0x0000000000000864       0x64 Output/Debug/Obj/I2S_Sender/nrf_log_frontend.o
 .text.nrf_log_module_name_get
                0x00000000000008c8       0x40 Output/Debug/Obj/I2S_Sender/nrf_log_frontend.o
                0x00000000000008c8                nrf_log_module_name_get
 .text.nrf_log_color_id_get
                0x0000000000000908       0x70 Output/Debug/Obj/I2S_Sender/nrf_log_frontend.o
                0x0000000000000908                nrf_log_color_id_get
 .text.invalid_packets_omit
                0x0000000000000978       0x6e Output/Debug/Obj/I2S_Sender/nrf_log_frontend.o
 *fill*         0x00000000000009e6        0x2 
 .text.log_skip
                0x00000000000009e8      0x118 Output/Debug/Obj/I2S_Sender/nrf_log_frontend.o
 .text.dropped_sat16_get
                0x0000000000000b00       0x28 Output/Debug/Obj/I2S_Sender/nrf_log_frontend.o
 .text.std_header_set
                0x0000000000000b28       0xb4 Output/Debug/Obj/I2S_Sender/nrf_log_frontend.o
 .text.buf_prealloc
                0x0000000000000bdc      0x128 Output/Debug/Obj/I2S_Sender/nrf_log_frontend.o
 .text.std_n    0x0000000000000d04       0x94 Output/Debug/Obj/I2S_Sender/nrf_log_frontend.o
 .text.nrf_log_frontend_std_0
                0x0000000000000d98       0x1c Output/Debug/Obj/I2S_Sender/nrf_log_frontend.o
                0x0000000000000d98                nrf_log_frontend_std_0
 .text.nrf_log_frontend_std_1
                0x0000000000000db4       0x22 Output/Debug/Obj/I2S_Sender/nrf_log_frontend.o
                0x0000000000000db4                nrf_log_frontend_std_1
 .text.nrf_log_frontend_std_2
                0x0000000000000dd6       0x28 Output/Debug/Obj/I2S_Sender/nrf_log_frontend.o
                0x0000000000000dd6                nrf_log_frontend_std_2
 .text.nrf_log_frontend_std_5
                0x0000000000000dfe       0x34 Output/Debug/Obj/I2S_Sender/nrf_log_frontend.o
                0x0000000000000dfe                nrf_log_frontend_std_5
 *fill*         0x0000000000000e32        0x2 
 .text.buffer_is_empty
                0x0000000000000e34       0x1c Output/Debug/Obj/I2S_Sender/nrf_log_frontend.o
                0x0000000000000e34                buffer_is_empty
 .text.nrf_log_frontend_dequeue
                0x0000000000000e50      0x3a0 Output/Debug/Obj/I2S_Sender/nrf_log_frontend.o
                0x0000000000000e50                nrf_log_frontend_dequeue
 .text.backend_id_assign
                0x00000000000011f0       0x68 Output/Debug/Obj/I2S_Sender/nrf_log_frontend.o
 .text.nrf_log_backend_add
                0x0000000000001258       0x70 Output/Debug/Obj/I2S_Sender/nrf_log_frontend.o
                0x0000000000001258                nrf_log_backend_add
 .text.nrf_log_panic
                0x00000000000012c8       0x3c Output/Debug/Obj/I2S_Sender/nrf_log_frontend.o
                0x00000000000012c8                nrf_log_panic
 .text.timestamp_print
                0x0000000000001304        0xc Output/Debug/Obj/I2S_Sender/nrf_log_str_formatter.o
 .text.prefix_process
                0x0000000000001310       0xb0 Output/Debug/Obj/I2S_Sender/nrf_log_str_formatter.o
 .text.postfix_process
                0x00000000000013c0       0x60 Output/Debug/Obj/I2S_Sender/nrf_log_str_formatter.o
 .text.nrf_log_std_entry_process
                0x0000000000001420      0x144 Output/Debug/Obj/I2S_Sender/nrf_log_str_formatter.o
                0x0000000000001420                nrf_log_std_entry_process
 .text.nrf_log_hexdump_entry_process
                0x0000000000001564       0xf0 Output/Debug/Obj/I2S_Sender/nrf_log_str_formatter.o
                0x0000000000001564                nrf_log_hexdump_entry_process
 .text.app_error_save_and_stop
                0x0000000000001654       0x98 Output/Debug/Obj/I2S_Sender/app_error.o
                0x0000000000001654                app_error_save_and_stop
 .text.app_error_handler
                0x00000000000016ec       0x1c Output/Debug/Obj/I2S_Sender/app_error_handler_gcc.o
                0x00000000000016ec                app_error_handler
 .text.app_error_fault_handler
                0x0000000000001708      0x104 Output/Debug/Obj/I2S_Sender/app_error_weak.o
                0x0000000000001708                app_error_fault_handler
 .text.app_util_disable_irq
                0x000000000000180c       0x18 Output/Debug/Obj/I2S_Sender/app_util_platform.o
                0x000000000000180c                app_util_disable_irq
 .text.app_util_enable_irq
                0x0000000000001824       0x20 Output/Debug/Obj/I2S_Sender/app_util_platform.o
                0x0000000000001824                app_util_enable_irq
 .text.app_util_critical_region_enter
                0x0000000000001844       0x28 Output/Debug/Obj/I2S_Sender/app_util_platform.o
                0x0000000000001844                app_util_critical_region_enter
 .text.app_util_critical_region_exit
                0x000000000000186c       0x2c Output/Debug/Obj/I2S_Sender/app_util_platform.o
                0x000000000000186c                app_util_critical_region_exit
 .text.privilege_level_get
                0x0000000000001898       0x3a Output/Debug/Obj/I2S_Sender/app_util_platform.o
                0x0000000000001898                privilege_level_get
 .text.assert_nrf_callback
                0x00000000000018d2       0x2c Output/Debug/Obj/I2S_Sender/nrf_assert.o
                0x00000000000018d2                assert_nrf_callback
 .text.nrf_atomic_u32_fetch_store
                0x00000000000018fe       0x2e Output/Debug/Obj/I2S_Sender/nrf_atomic.o
                0x00000000000018fe                nrf_atomic_u32_fetch_store
 .text.nrf_atomic_u32_or
                0x000000000000192c       0x30 Output/Debug/Obj/I2S_Sender/nrf_atomic.o
                0x000000000000192c                nrf_atomic_u32_or
 .text.nrf_atomic_u32_fetch_and
                0x000000000000195c       0x30 Output/Debug/Obj/I2S_Sender/nrf_atomic.o
                0x000000000000195c                nrf_atomic_u32_fetch_and
 .text.nrf_atomic_u32_add
                0x000000000000198c       0x30 Output/Debug/Obj/I2S_Sender/nrf_atomic.o
                0x000000000000198c                nrf_atomic_u32_add
 .text.nrf_atomic_u32_sub
                0x00000000000019bc       0x30 Output/Debug/Obj/I2S_Sender/nrf_atomic.o
                0x00000000000019bc                nrf_atomic_u32_sub
 .text.nrf_atomic_flag_set
                0x00000000000019ec       0x18 Output/Debug/Obj/I2S_Sender/nrf_atomic.o
                0x00000000000019ec                nrf_atomic_flag_set
 .text.nrf_atomic_flag_clear_fetch
                0x0000000000001a04       0x18 Output/Debug/Obj/I2S_Sender/nrf_atomic.o
                0x0000000000001a04                nrf_atomic_flag_clear_fetch
 .text.nrf_balloc_idx2block
                0x0000000000001a1c       0x38 Output/Debug/Obj/I2S_Sender/nrf_balloc.o
 .text.nrf_balloc_block2idx
                0x0000000000001a54       0x34 Output/Debug/Obj/I2S_Sender/nrf_balloc.o
 .text.nrf_balloc_init
                0x0000000000001a88       0xb8 Output/Debug/Obj/I2S_Sender/nrf_balloc.o
                0x0000000000001a88                nrf_balloc_init
 .text.nrf_balloc_alloc
                0x0000000000001b40       0x84 Output/Debug/Obj/I2S_Sender/nrf_balloc.o
                0x0000000000001b40                nrf_balloc_alloc
 .text.nrf_balloc_free
                0x0000000000001bc4       0x58 Output/Debug/Obj/I2S_Sender/nrf_balloc.o
                0x0000000000001bc4                nrf_balloc_free
 .text.nrf_fprintf_buffer_flush
                0x0000000000001c1c       0x44 Output/Debug/Obj/I2S_Sender/nrf_fprintf.o
                0x0000000000001c1c                nrf_fprintf_buffer_flush
 .text.nrf_fprintf
                0x0000000000001c60       0x74 Output/Debug/Obj/I2S_Sender/nrf_fprintf.o
                0x0000000000001c60                nrf_fprintf
 .text.buffer_add
                0x0000000000001cd4       0x4c Output/Debug/Obj/I2S_Sender/nrf_fprintf_format.o
 .text.string_print
                0x0000000000001d20       0xc2 Output/Debug/Obj/I2S_Sender/nrf_fprintf_format.o
 *fill*         0x0000000000001de2        0x2 
 .text.unsigned_print
                0x0000000000001de4      0x130 Output/Debug/Obj/I2S_Sender/nrf_fprintf_format.o
 .text.int_print
                0x0000000000001f14      0x11c Output/Debug/Obj/I2S_Sender/nrf_fprintf_format.o
 .text.nrf_fprintf_fmt
                0x0000000000002030      0x388 Output/Debug/Obj/I2S_Sender/nrf_fprintf_format.o
                0x0000000000002030                nrf_fprintf_fmt
 .text.nrf_memobj_pool_init
                0x00000000000023b8       0x16 Output/Debug/Obj/I2S_Sender/nrf_memobj.o
                0x00000000000023b8                nrf_memobj_pool_init
 .text.nrf_memobj_alloc
                0x00000000000023ce       0xae Output/Debug/Obj/I2S_Sender/nrf_memobj.o
                0x00000000000023ce                nrf_memobj_alloc
 .text.nrf_memobj_free
                0x000000000000247c       0x74 Output/Debug/Obj/I2S_Sender/nrf_memobj.o
                0x000000000000247c                nrf_memobj_free
 .text.nrf_memobj_get
                0x00000000000024f0       0x1e Output/Debug/Obj/I2S_Sender/nrf_memobj.o
                0x00000000000024f0                nrf_memobj_get
 .text.nrf_memobj_put
                0x000000000000250e       0x34 Output/Debug/Obj/I2S_Sender/nrf_memobj.o
                0x000000000000250e                nrf_memobj_put
 *fill*         0x0000000000002542        0x2 
 .text.memobj_op
                0x0000000000002544      0x124 Output/Debug/Obj/I2S_Sender/nrf_memobj.o
 .text.nrf_memobj_write
                0x0000000000002668       0x3c Output/Debug/Obj/I2S_Sender/nrf_memobj.o
                0x0000000000002668                nrf_memobj_write
 .text.nrf_memobj_read
                0x00000000000026a4       0x40 Output/Debug/Obj/I2S_Sender/nrf_memobj.o
                0x00000000000026a4                nrf_memobj_read
 .text.nrf_ringbuf_init
                0x00000000000026e4       0x3a Output/Debug/Obj/I2S_Sender/nrf_ringbuf.o
                0x00000000000026e4                nrf_ringbuf_init
 *fill*         0x000000000000271e        0x2 
 .text.nrf_strerror_get
                0x0000000000002720       0x28 Output/Debug/Obj/I2S_Sender/nrf_strerror.o
                0x0000000000002720                nrf_strerror_get
 .text.nrf_strerror_find
                0x0000000000002748       0x68 Output/Debug/Obj/I2S_Sender/nrf_strerror.o
                0x0000000000002748                nrf_strerror_find
 .text.uarte_evt_handler
                0x00000000000027b0       0x50 Output/Debug/Obj/I2S_Sender/nrf_drv_uart.o
 .text.uart_evt_handler
                0x0000000000002800       0x50 Output/Debug/Obj/I2S_Sender/nrf_drv_uart.o
 .text.nrf_drv_uart_init
                0x0000000000002850       0xc0 Output/Debug/Obj/I2S_Sender/nrf_drv_uart.o
                0x0000000000002850                nrf_drv_uart_init
 .text.__NVIC_EnableIRQ
                0x0000000000002910       0x34 Output/Debug/Obj/I2S_Sender/nrfx_i2s.o
 .text.__NVIC_SetPriority
                0x0000000000002944       0x50 Output/Debug/Obj/I2S_Sender/nrfx_i2s.o
 .text.nrfx_is_in_ram
                0x0000000000002994       0x1c Output/Debug/Obj/I2S_Sender/nrfx_i2s.o
 .text.nrfx_is_word_aligned
                0x00000000000029b0       0x1a Output/Debug/Obj/I2S_Sender/nrfx_i2s.o
 *fill*         0x00000000000029ca        0x2 
 .text._NRFX_IRQ_PRIORITY_SET
                0x00000000000029cc       0x40 Output/Debug/Obj/I2S_Sender/nrfx_i2s.o
 .text._NRFX_IRQ_ENABLE
                0x0000000000002a0c       0x1c Output/Debug/Obj/I2S_Sender/nrfx_i2s.o
 .text.nrf_i2s_task_trigger
                0x0000000000002a28       0x1c Output/Debug/Obj/I2S_Sender/nrfx_i2s.o
 .text.nrf_i2s_event_clear
                0x0000000000002a44       0x2a Output/Debug/Obj/I2S_Sender/nrfx_i2s.o
 .text.nrf_i2s_event_check
                0x0000000000002a6e       0x24 Output/Debug/Obj/I2S_Sender/nrfx_i2s.o
 .text.nrf_i2s_int_enable
                0x0000000000002a92       0x14 Output/Debug/Obj/I2S_Sender/nrfx_i2s.o
 .text.nrf_i2s_int_disable
                0x0000000000002aa6       0x14 Output/Debug/Obj/I2S_Sender/nrfx_i2s.o
 .text.nrf_i2s_enable
                0x0000000000002aba       0x12 Output/Debug/Obj/I2S_Sender/nrfx_i2s.o
 .text.nrf_i2s_disable
                0x0000000000002acc       0x12 Output/Debug/Obj/I2S_Sender/nrfx_i2s.o
 .text.nrf_i2s_pins_set
                0x0000000000002ade       0x38 Output/Debug/Obj/I2S_Sender/nrfx_i2s.o
 .text.nrf_i2s_configure
                0x0000000000002b16       0xcc Output/Debug/Obj/I2S_Sender/nrfx_i2s.o
 .text.nrf_i2s_transfer_set
                0x0000000000002be2       0x5a Output/Debug/Obj/I2S_Sender/nrfx_i2s.o
 .text.nrf_i2s_rx_buffer_set
                0x0000000000002c3c       0x14 Output/Debug/Obj/I2S_Sender/nrfx_i2s.o
 .text.nrf_i2s_tx_buffer_set
                0x0000000000002c50       0x14 Output/Debug/Obj/I2S_Sender/nrfx_i2s.o
 .text.nrf_gpio_pin_port_decode
                0x0000000000002c64       0x30 Output/Debug/Obj/I2S_Sender/nrfx_i2s.o
 .text.nrf_gpio_cfg
                0x0000000000002c94       0x62 Output/Debug/Obj/I2S_Sender/nrfx_i2s.o
 .text.nrf_gpio_cfg_output
                0x0000000000002cf6       0x22 Output/Debug/Obj/I2S_Sender/nrfx_i2s.o
 .text.nrf_gpio_cfg_input
                0x0000000000002d18       0x2a Output/Debug/Obj/I2S_Sender/nrfx_i2s.o
 .text.nrf_gpio_pin_present_check
                0x0000000000002d42       0x40 Output/Debug/Obj/I2S_Sender/nrfx_i2s.o
 *fill*         0x0000000000002d82        0x2 
 .text.configure_pins
                0x0000000000002d84       0xbc Output/Debug/Obj/I2S_Sender/nrfx_i2s.o
 .text.nrfx_i2s_init
                0x0000000000002e40       0xb0 Output/Debug/Obj/I2S_Sender/nrfx_i2s.o
                0x0000000000002e40                nrfx_i2s_init
 .text.nrfx_i2s_start
                0x0000000000002ef0      0x1e8 Output/Debug/Obj/I2S_Sender/nrfx_i2s.o
                0x0000000000002ef0                nrfx_i2s_start
 .text.nrfx_i2s_next_buffers_set
                0x00000000000030d8      0x174 Output/Debug/Obj/I2S_Sender/nrfx_i2s.o
                0x00000000000030d8                nrfx_i2s_next_buffers_set
 .text.I2S_IRQHandler
                0x000000000000324c      0x1f4 Output/Debug/Obj/I2S_Sender/nrfx_i2s.o
                0x000000000000324c                I2S_IRQHandler
 .text.UARTE0_UART0_IRQHandler
                0x0000000000003440       0x24 Output/Debug/Obj/I2S_Sender/nrfx_prs.o
                0x0000000000003440                UARTE0_UART0_IRQHandler
 .text.prs_box_get
                0x0000000000003464       0x20 Output/Debug/Obj/I2S_Sender/nrfx_prs.o
 .text.nrfx_prs_acquire
                0x0000000000003484       0x74 Output/Debug/Obj/I2S_Sender/nrfx_prs.o
                0x0000000000003484                nrfx_prs_acquire
 .text.nrfx_prs_release
                0x00000000000034f8       0x3c Output/Debug/Obj/I2S_Sender/nrfx_prs.o
                0x00000000000034f8                nrfx_prs_release
 .text.__NVIC_EnableIRQ
                0x0000000000003534       0x34 Output/Debug/Obj/I2S_Sender/nrfx_uart.o
 .text.__NVIC_DisableIRQ
                0x0000000000003568       0x44 Output/Debug/Obj/I2S_Sender/nrfx_uart.o
 .text.__NVIC_SetPriority
                0x00000000000035ac       0x50 Output/Debug/Obj/I2S_Sender/nrfx_uart.o
 .text.nrfx_get_irq_number
                0x00000000000035fc       0x10 Output/Debug/Obj/I2S_Sender/nrfx_uart.o
 .text._NRFX_IRQ_PRIORITY_SET
                0x000000000000360c       0x40 Output/Debug/Obj/I2S_Sender/nrfx_uart.o
 .text._NRFX_IRQ_ENABLE
                0x000000000000364c       0x1c Output/Debug/Obj/I2S_Sender/nrfx_uart.o
 .text._NRFX_IRQ_DISABLE
                0x0000000000003668       0x1c Output/Debug/Obj/I2S_Sender/nrfx_uart.o
 .text.nrf_uart_event_clear
                0x0000000000003684       0x2a Output/Debug/Obj/I2S_Sender/nrfx_uart.o
 .text.nrf_uart_event_check
                0x00000000000036ae       0x24 Output/Debug/Obj/I2S_Sender/nrfx_uart.o
 .text.nrf_uart_int_enable
                0x00000000000036d2       0x14 Output/Debug/Obj/I2S_Sender/nrfx_uart.o
 .text.nrf_uart_int_enable_check
                0x00000000000036e6       0x20 Output/Debug/Obj/I2S_Sender/nrfx_uart.o
 .text.nrf_uart_int_disable
                0x0000000000003706       0x14 Output/Debug/Obj/I2S_Sender/nrfx_uart.o
 .text.nrf_uart_errorsrc_get_and_clear
                0x000000000000371a       0x1c Output/Debug/Obj/I2S_Sender/nrfx_uart.o
 .text.nrf_uart_enable
                0x0000000000003736       0x12 Output/Debug/Obj/I2S_Sender/nrfx_uart.o
 .text.nrf_uart_disable
                0x0000000000003748       0x12 Output/Debug/Obj/I2S_Sender/nrfx_uart.o
 .text.nrf_uart_txrx_pins_set
                0x000000000000375a       0x1e Output/Debug/Obj/I2S_Sender/nrfx_uart.o
 .text.nrf_uart_txrx_pins_disconnect
                0x0000000000003778       0x1c Output/Debug/Obj/I2S_Sender/nrfx_uart.o
 .text.nrf_uart_tx_pin_get
                0x0000000000003794       0x10 Output/Debug/Obj/I2S_Sender/nrfx_uart.o
 .text.nrf_uart_rx_pin_get
                0x00000000000037a4       0x10 Output/Debug/Obj/I2S_Sender/nrfx_uart.o
 .text.nrf_uart_rts_pin_get
                0x00000000000037b4       0x10 Output/Debug/Obj/I2S_Sender/nrfx_uart.o
 .text.nrf_uart_cts_pin_get
                0x00000000000037c4       0x10 Output/Debug/Obj/I2S_Sender/nrfx_uart.o
 .text.nrf_uart_hwfc_pins_set
                0x00000000000037d4       0x1e Output/Debug/Obj/I2S_Sender/nrfx_uart.o
 .text.nrf_uart_hwfc_pins_disconnect
                0x00000000000037f2       0x1c Output/Debug/Obj/I2S_Sender/nrfx_uart.o
 .text.nrf_uart_rxd_get
                0x000000000000380e       0x12 Output/Debug/Obj/I2S_Sender/nrfx_uart.o
 .text.nrf_uart_txd_set
                0x0000000000003820       0x1a Output/Debug/Obj/I2S_Sender/nrfx_uart.o
 .text.nrf_uart_task_trigger
                0x000000000000383a       0x1c Output/Debug/Obj/I2S_Sender/nrfx_uart.o
 .text.nrf_uart_configure
                0x0000000000003856       0x2a Output/Debug/Obj/I2S_Sender/nrfx_uart.o
 .text.nrf_uart_baudrate_set
                0x0000000000003880       0x14 Output/Debug/Obj/I2S_Sender/nrfx_uart.o
 .text.nrf_gpio_pin_port_decode
                0x0000000000003894       0x30 Output/Debug/Obj/I2S_Sender/nrfx_uart.o
 .text.nrf_gpio_cfg
                0x00000000000038c4       0x62 Output/Debug/Obj/I2S_Sender/nrfx_uart.o
 .text.nrf_gpio_cfg_output
                0x0000000000003926       0x22 Output/Debug/Obj/I2S_Sender/nrfx_uart.o
 .text.nrf_gpio_cfg_input
                0x0000000000003948       0x2a Output/Debug/Obj/I2S_Sender/nrfx_uart.o
 .text.nrf_gpio_cfg_default
                0x0000000000003972       0x22 Output/Debug/Obj/I2S_Sender/nrfx_uart.o
 .text.nrf_gpio_pin_set
                0x0000000000003994       0x28 Output/Debug/Obj/I2S_Sender/nrfx_uart.o
 .text.nrf_gpio_port_out_set
                0x00000000000039bc       0x14 Output/Debug/Obj/I2S_Sender/nrfx_uart.o
 .text.nrf_gpio_pin_present_check
                0x00000000000039d0       0x40 Output/Debug/Obj/I2S_Sender/nrfx_uart.o
 .text.apply_config
                0x0000000000003a10       0xc6 Output/Debug/Obj/I2S_Sender/nrfx_uart.o
 *fill*         0x0000000000003ad6        0x2 
 .text.interrupts_enable
                0x0000000000003ad8       0x6c Output/Debug/Obj/I2S_Sender/nrfx_uart.o
 .text.interrupts_disable
                0x0000000000003b44       0x30 Output/Debug/Obj/I2S_Sender/nrfx_uart.o
 .text.pins_to_default
                0x0000000000003b74       0x8a Output/Debug/Obj/I2S_Sender/nrfx_uart.o
 *fill*         0x0000000000003bfe        0x2 
 .text.nrfx_uart_init
                0x0000000000003c00       0xd4 Output/Debug/Obj/I2S_Sender/nrfx_uart.o
                0x0000000000003c00                nrfx_uart_init
 .text.nrfx_uart_uninit
                0x0000000000003cd4       0x5c Output/Debug/Obj/I2S_Sender/nrfx_uart.o
                0x0000000000003cd4                nrfx_uart_uninit
 .text.tx_byte  0x0000000000003d30       0x40 Output/Debug/Obj/I2S_Sender/nrfx_uart.o
 .text.tx_blocking
                0x0000000000003d70       0x52 Output/Debug/Obj/I2S_Sender/nrfx_uart.o
 *fill*         0x0000000000003dc2        0x2 
 .text.nrfx_uart_tx
                0x0000000000003dc4      0x110 Output/Debug/Obj/I2S_Sender/nrfx_uart.o
                0x0000000000003dc4                nrfx_uart_tx
 .text.nrfx_uart_tx_in_progress
                0x0000000000003ed4       0x2c Output/Debug/Obj/I2S_Sender/nrfx_uart.o
                0x0000000000003ed4                nrfx_uart_tx_in_progress
 .text.rx_byte  0x0000000000003f00       0x4e Output/Debug/Obj/I2S_Sender/nrfx_uart.o
 .text.rx_done_event
                0x0000000000003f4e       0x2e Output/Debug/Obj/I2S_Sender/nrfx_uart.o
 .text.tx_done_event
                0x0000000000003f7c       0x34 Output/Debug/Obj/I2S_Sender/nrfx_uart.o
 .text.uart_irq_handler
                0x0000000000003fb0      0x1de Output/Debug/Obj/I2S_Sender/nrfx_uart.o
 *fill*         0x000000000000418e        0x2 
 .text.nrfx_uart_0_irq_handler
                0x0000000000004190       0x18 Output/Debug/Obj/I2S_Sender/nrfx_uart.o
                0x0000000000004190                nrfx_uart_0_irq_handler
 .text.__NVIC_EnableIRQ
                0x00000000000041a8       0x34 Output/Debug/Obj/I2S_Sender/nrfx_uarte.o
 .text.__NVIC_DisableIRQ
                0x00000000000041dc       0x44 Output/Debug/Obj/I2S_Sender/nrfx_uarte.o
 .text.__NVIC_SetPriority
                0x0000000000004220       0x50 Output/Debug/Obj/I2S_Sender/nrfx_uarte.o
 .text.nrfx_is_in_ram
                0x0000000000004270       0x1c Output/Debug/Obj/I2S_Sender/nrfx_uarte.o
 .text.nrfx_get_irq_number
                0x000000000000428c       0x10 Output/Debug/Obj/I2S_Sender/nrfx_uarte.o
 .text._NRFX_IRQ_PRIORITY_SET
                0x000000000000429c       0x40 Output/Debug/Obj/I2S_Sender/nrfx_uarte.o
 .text._NRFX_IRQ_ENABLE
                0x00000000000042dc       0x1c Output/Debug/Obj/I2S_Sender/nrfx_uarte.o
 .text._NRFX_IRQ_DISABLE
                0x00000000000042f8       0x1c Output/Debug/Obj/I2S_Sender/nrfx_uarte.o
 .text.nrf_uarte_event_clear
                0x0000000000004314       0x2a Output/Debug/Obj/I2S_Sender/nrfx_uarte.o
 .text.nrf_uarte_event_check
                0x000000000000433e       0x24 Output/Debug/Obj/I2S_Sender/nrfx_uarte.o
 .text.nrf_uarte_shorts_disable
                0x0000000000004362       0x1e Output/Debug/Obj/I2S_Sender/nrfx_uarte.o
 .text.nrf_uarte_int_enable
                0x0000000000004380       0x14 Output/Debug/Obj/I2S_Sender/nrfx_uarte.o
 .text.nrf_uarte_int_disable
                0x0000000000004394       0x14 Output/Debug/Obj/I2S_Sender/nrfx_uarte.o
 .text.nrf_uarte_errorsrc_get_and_clear
                0x00000000000043a8       0x1c Output/Debug/Obj/I2S_Sender/nrfx_uarte.o
 .text.nrf_uarte_enable
                0x00000000000043c4       0x12 Output/Debug/Obj/I2S_Sender/nrfx_uarte.o
 .text.nrf_uarte_disable
                0x00000000000043d6       0x12 Output/Debug/Obj/I2S_Sender/nrfx_uarte.o
 .text.nrf_uarte_txrx_pins_set
                0x00000000000043e8       0x1e Output/Debug/Obj/I2S_Sender/nrfx_uarte.o
 .text.nrf_uarte_txrx_pins_disconnect
                0x0000000000004406       0x1c Output/Debug/Obj/I2S_Sender/nrfx_uarte.o
 .text.nrf_uarte_tx_pin_get
                0x0000000000004422       0x10 Output/Debug/Obj/I2S_Sender/nrfx_uarte.o
 .text.nrf_uarte_rx_pin_get
                0x0000000000004432       0x10 Output/Debug/Obj/I2S_Sender/nrfx_uarte.o
 .text.nrf_uarte_rts_pin_get
                0x0000000000004442       0x10 Output/Debug/Obj/I2S_Sender/nrfx_uarte.o
 .text.nrf_uarte_cts_pin_get
                0x0000000000004452       0x10 Output/Debug/Obj/I2S_Sender/nrfx_uarte.o
 .text.nrf_uarte_hwfc_pins_set
                0x0000000000004462       0x1e Output/Debug/Obj/I2S_Sender/nrfx_uarte.o
 .text.nrf_uarte_hwfc_pins_disconnect
                0x0000000000004480       0x1c Output/Debug/Obj/I2S_Sender/nrfx_uarte.o
 .text.nrf_uarte_task_trigger
                0x000000000000449c       0x1c Output/Debug/Obj/I2S_Sender/nrfx_uarte.o
 .text.nrf_uarte_configure
                0x00000000000044b8       0x2a Output/Debug/Obj/I2S_Sender/nrfx_uarte.o
 .text.nrf_uarte_baudrate_set
                0x00000000000044e2       0x14 Output/Debug/Obj/I2S_Sender/nrfx_uarte.o
 .text.nrf_uarte_tx_buffer_set
                0x00000000000044f6       0x1e Output/Debug/Obj/I2S_Sender/nrfx_uarte.o
 .text.nrf_uarte_tx_amount_get
                0x0000000000004514       0x10 Output/Debug/Obj/I2S_Sender/nrfx_uarte.o
 .text.nrf_uarte_rx_amount_get
                0x0000000000004524       0x10 Output/Debug/Obj/I2S_Sender/nrfx_uarte.o
 .text.nrf_gpio_pin_port_decode
                0x0000000000004534       0x30 Output/Debug/Obj/I2S_Sender/nrfx_uarte.o
 .text.nrf_gpio_cfg
                0x0000000000004564       0x62 Output/Debug/Obj/I2S_Sender/nrfx_uarte.o
 .text.nrf_gpio_cfg_output
                0x00000000000045c6       0x22 Output/Debug/Obj/I2S_Sender/nrfx_uarte.o
 .text.nrf_gpio_cfg_input
                0x00000000000045e8       0x2a Output/Debug/Obj/I2S_Sender/nrfx_uarte.o
 .text.nrf_gpio_cfg_default
                0x0000000000004612       0x22 Output/Debug/Obj/I2S_Sender/nrfx_uarte.o
 .text.nrf_gpio_pin_set
                0x0000000000004634       0x28 Output/Debug/Obj/I2S_Sender/nrfx_uarte.o
 .text.nrf_gpio_port_out_set
                0x000000000000465c       0x14 Output/Debug/Obj/I2S_Sender/nrfx_uarte.o
 .text.nrf_gpio_pin_present_check
                0x0000000000004670       0x40 Output/Debug/Obj/I2S_Sender/nrfx_uarte.o
 .text.apply_config
                0x00000000000046b0       0xc6 Output/Debug/Obj/I2S_Sender/nrfx_uarte.o
 *fill*         0x0000000000004776        0x2 
 .text.interrupts_enable
                0x0000000000004778       0x98 Output/Debug/Obj/I2S_Sender/nrfx_uarte.o
 .text.interrupts_disable
                0x0000000000004810       0x30 Output/Debug/Obj/I2S_Sender/nrfx_uarte.o
 .text.pins_to_default
                0x0000000000004840       0x8a Output/Debug/Obj/I2S_Sender/nrfx_uarte.o
 *fill*         0x00000000000048ca        0x2 
 .text.nrfx_uarte_init
                0x00000000000048cc       0xcc Output/Debug/Obj/I2S_Sender/nrfx_uarte.o
                0x00000000000048cc                nrfx_uarte_init
 .text.nrfx_uarte_uninit
                0x0000000000004998       0xc4 Output/Debug/Obj/I2S_Sender/nrfx_uarte.o
                0x0000000000004998                nrfx_uarte_uninit
 .text.nrfx_uarte_tx
                0x0000000000004a5c      0x17c Output/Debug/Obj/I2S_Sender/nrfx_uarte.o
                0x0000000000004a5c                nrfx_uarte_tx
 .text.nrfx_uarte_tx_in_progress
                0x0000000000004bd8       0x30 Output/Debug/Obj/I2S_Sender/nrfx_uarte.o
                0x0000000000004bd8                nrfx_uarte_tx_in_progress
 .text.rx_done_event
                0x0000000000004c08       0x2e Output/Debug/Obj/I2S_Sender/nrfx_uarte.o
 .text.tx_done_event
                0x0000000000004c36       0x34 Output/Debug/Obj/I2S_Sender/nrfx_uarte.o
 .text.uarte_irq_handler
                0x0000000000004c6a      0x18c Output/Debug/Obj/I2S_Sender/nrfx_uarte.o
 *fill*         0x0000000000004df6        0x2 
 .text.nrfx_uarte_0_irq_handler
                0x0000000000004df8       0x18 Output/Debug/Obj/I2S_Sender/nrfx_uarte.o
                0x0000000000004df8                nrfx_uarte_0_irq_handler
 .text.nrf_drv_i2s_init
                0x0000000000004e10       0x28 Output/Debug/Obj/I2S_Sender/main.o
 .text.data_handler
                0x0000000000004e38       0x7c Output/Debug/Obj/I2S_Sender/main.o
 .text.main     0x0000000000004eb4      0x12c Output/Debug/Obj/I2S_Sender/main.o
                0x0000000000004eb4                main
 .text.__NVIC_SystemReset
                0x0000000000004fe0       0x28 Output/Debug/Obj/I2S_Sender/system_nrf52.o
 .text.nrf52_errata_12
                0x0000000000005008       0x80 Output/Debug/Obj/I2S_Sender/system_nrf52.o
 .text.nrf52_errata_16
                0x0000000000005088       0x60 Output/Debug/Obj/I2S_Sender/system_nrf52.o
 .text.nrf52_errata_31
                0x00000000000050e8       0x80 Output/Debug/Obj/I2S_Sender/system_nrf52.o
 .text.nrf52_errata_32
                0x0000000000005168       0x60 Output/Debug/Obj/I2S_Sender/system_nrf52.o
 .text.nrf52_errata_36
                0x00000000000051c8       0x80 Output/Debug/Obj/I2S_Sender/system_nrf52.o
 .text.nrf52_errata_37
                0x0000000000005248       0x60 Output/Debug/Obj/I2S_Sender/system_nrf52.o
 .text.nrf52_errata_57
                0x00000000000052a8       0x60 Output/Debug/Obj/I2S_Sender/system_nrf52.o
 .text.nrf52_errata_66
                0x0000000000005308       0x80 Output/Debug/Obj/I2S_Sender/system_nrf52.o
 .text.nrf52_errata_108
                0x0000000000005388       0x80 Output/Debug/Obj/I2S_Sender/system_nrf52.o
 .text.nrf52_errata_136
                0x0000000000005408       0x80 Output/Debug/Obj/I2S_Sender/system_nrf52.o
 .text.nrf52_errata_182
                0x0000000000005488       0x58 Output/Debug/Obj/I2S_Sender/system_nrf52.o
 .text.SystemCoreClockUpdate
                0x00000000000054e0       0x14 Output/Debug/Obj/I2S_Sender/system_nrf52.o
                0x00000000000054e0                SystemCoreClockUpdate
 .text.SystemInit
                0x00000000000054f4      0x2d8 Output/Debug/Obj/I2S_Sender/system_nrf52.o
                0x00000000000054f4                SystemInit
 .text.libc.__RAL_ascii_isctype
                0x00000000000057cc       0x1c D:/Segger/lib/libc_v7em_fpv4_sp_d16_hard_t_le_eabi.a(libc2.o)
 .text.libc.__RAL_ascii_toupper
                0x00000000000057e8        0xc D:/Segger/lib/libc_v7em_fpv4_sp_d16_hard_t_le_eabi.a(libc2.o)
 .text.libc.__RAL_ascii_tolower
                0x00000000000057f4        0xc D:/Segger/lib/libc_v7em_fpv4_sp_d16_hard_t_le_eabi.a(libc2.o)
 .text.libc.__RAL_ascii_iswctype
                0x0000000000005800       0x1c D:/Segger/lib/libc_v7em_fpv4_sp_d16_hard_t_le_eabi.a(libc2.o)
 .text.libc.__RAL_ascii_towupper
                0x000000000000581c        0xc D:/Segger/lib/libc_v7em_fpv4_sp_d16_hard_t_le_eabi.a(libc2.o)
 .text.libc.__RAL_ascii_towlower
                0x0000000000005828        0xc D:/Segger/lib/libc_v7em_fpv4_sp_d16_hard_t_le_eabi.a(libc2.o)
 .text.libc.__RAL_ascii_wctomb
                0x0000000000005834        0xe D:/Segger/lib/libc_v7em_fpv4_sp_d16_hard_t_le_eabi.a(libc2.o)
                0x0000000000005834                __RAL_ascii_wctomb
 .text.libc.__RAL_ascii_mbtowc
                0x0000000000005842       0x24 D:/Segger/lib/libc_v7em_fpv4_sp_d16_hard_t_le_eabi.a(libc2.o)
                0x0000000000005842                __RAL_ascii_mbtowc
 *fill*         0x0000000000005866        0x2 
 .text.libc.__RAL_isctype
                0x0000000000005868       0x14 D:/Segger/lib/libc_v7em_fpv4_sp_d16_hard_t_le_eabi.a(libc2.o)
                0x0000000000005868                __RAL_isctype
 .text.libc.isprint
                0x000000000000587c        0xa D:/Segger/lib/libc_v7em_fpv4_sp_d16_hard_t_le_eabi.a(libc2.o)
                0x000000000000587c                isprint
 .text.libc.memcpy
                0x0000000000005886       0x52 D:/Segger/lib/libc_v7em_fpv4_sp_d16_hard_t_le_eabi.a(libc2_asm.o)
                0x0000000000005886                __aeabi_memcpy
                0x0000000000005886                memcpy
                0x0000000000005892                __aeabi_memcpy8
                0x0000000000005892                __aeabi_memcpy4
 .text.libc.strlen
                0x00000000000058d8       0x60 D:/Segger/lib/libc_v7em_fpv4_sp_d16_hard_t_le_eabi.a(libc2_asm.o)
                0x00000000000058d8                strlen
                0x0000000000005938                __text_end__ = (__text_start__ + SIZEOF (.text))
                0x0000000000005568                __text_size__ = SIZEOF (.text)
                0x0000000000005938                __text_load_end__ = __text_end__

.vfp11_veneer   0x0000000100000000        0x0
 .vfp11_veneer  0x0000000100000000        0x0 linker stubs

.v4_bx          0x0000000100000000        0x0
 .v4_bx         0x0000000100000000        0x0 linker stubs

.iplt           0x0000000100000000        0x0
 .iplt          0x0000000100000000        0x0 Output/Debug/Obj/I2S_Sender/thumb_crt0.o
                0x0000000000000001                . = ASSERT (((__text_start__ == __text_end__) || ((__text_end__ - __FLASH_segment_start__) <= __FLASH_segment_size__)), error: .text is too large to fit in FLASH memory segment)
                0x0000000000005938                __log_const_data_load_start__ = ALIGN (__text_end__, 0x4)

.log_const_data
                0x0000000000005938       0x28
                0x0000000000005938                __log_const_data_start__ = .
                0x0000000000005938                __start_log_const_data = __log_const_data_start__
 *(SORT_BY_NAME(.log_const_data*))
 .log_const_data_I2S
                0x0000000000005938        0x8 Output/Debug/Obj/I2S_Sender/nrfx_i2s.o
                0x0000000000005938                m_nrf_log_I2S_logs_data_const
 .log_const_data_PRS
                0x0000000000005940        0x8 Output/Debug/Obj/I2S_Sender/nrfx_prs.o
                0x0000000000005940                m_nrf_log_PRS_logs_data_const
 .log_const_data_UART
                0x0000000000005948        0x8 Output/Debug/Obj/I2S_Sender/nrfx_uart.o
                0x0000000000005948                m_nrf_log_UART_logs_data_const
 .log_const_data_UARTE
                0x0000000000005950        0x8 Output/Debug/Obj/I2S_Sender/nrfx_uarte.o
                0x0000000000005950                m_nrf_log_UARTE_logs_data_const
 .log_const_data_app
                0x0000000000005958        0x8 Output/Debug/Obj/I2S_Sender/nrf_log_frontend.o
                0x0000000000005958                m_nrf_log_app_logs_data_const
                0x0000000000005960                __log_const_data_end__ = (__log_const_data_start__ + SIZEOF (.log_const_data))
                0x0000000000000028                __log_const_data_size__ = SIZEOF (.log_const_data)
                0x0000000000005960                __stop_log_const_data = __log_const_data_end__
                0x0000000000005960                __log_const_data_load_end__ = __log_const_data_end__
                0x0000000000000001                . = ASSERT (((__log_const_data_start__ == __log_const_data_end__) || ((__log_const_data_end__ - __FLASH_segment_start__) <= __FLASH_segment_size__)), error: .log_const_data is too large to fit in FLASH memory segment)
                0x0000000000005960                __log_backends_load_start__ = ALIGN (__log_const_data_end__, 0x4)

.log_backends   0x0000000000005960       0x10
                0x0000000000005960                __log_backends_start__ = .
                0x0000000000005960                __start_log_backends = __log_backends_start__
 *(SORT_BY_NAME(.log_backends*))
 .log_backends  0x0000000000005960       0x10 Output/Debug/Obj/I2S_Sender/nrf_log_default_backends.o
                0x0000000000005970                __log_backends_end__ = (__log_backends_start__ + SIZEOF (.log_backends))
                0x0000000000000010                __log_backends_size__ = SIZEOF (.log_backends)
                0x0000000000005970                __stop_log_backends = __log_backends_end__
                0x0000000000005970                __log_backends_load_end__ = __log_backends_end__
                0x0000000000000001                . = ASSERT (((__log_backends_start__ == __log_backends_end__) || ((__log_backends_end__ - __FLASH_segment_start__) <= __FLASH_segment_size__)), error: .log_backends is too large to fit in FLASH memory segment)
                0x0000000000005970                __nrf_balloc_load_start__ = ALIGN (__log_backends_end__, 0x4)

.nrf_balloc     0x0000000000005970       0x14
                0x0000000000005970                __nrf_balloc_start__ = .
                0x0000000000005970                __start_nrf_balloc = __nrf_balloc_start__
 *(.nrf_balloc*)
 .nrf_balloc    0x0000000000005970       0x14 Output/Debug/Obj/I2S_Sender/nrf_log_frontend.o
                0x0000000000005970                log_mempool
                0x0000000000005984                __nrf_balloc_end__ = (__nrf_balloc_start__ + SIZEOF (.nrf_balloc))
                0x0000000000000014                __nrf_balloc_size__ = SIZEOF (.nrf_balloc)
                0x0000000000005984                __stop_nrf_balloc = __nrf_balloc_end__
                0x0000000000005984                __nrf_balloc_load_end__ = __nrf_balloc_end__
                0x0000000000000001                . = ASSERT (((__nrf_balloc_start__ == __nrf_balloc_end__) || ((__nrf_balloc_end__ - __FLASH_segment_start__) <= __FLASH_segment_size__)), error: .nrf_balloc is too large to fit in FLASH memory segment)
                0x0000000000005984                __nrf_sections_load_start__ = ALIGN (__nrf_balloc_end__, 0x4)

.nrf_sections   0x0000000000005984        0x0
                0x0000000000005984                __nrf_sections_start__ = .
                0x0000000000005984                __start_nrf_sections = __nrf_sections_start__
 *(.nrf_sections .nrf_sections.*)
                0x0000000000005984                __nrf_sections_end__ = (__nrf_sections_start__ + SIZEOF (.nrf_sections))
                0x0000000000000000                __nrf_sections_size__ = SIZEOF (.nrf_sections)
                0x0000000000005984                __nrf_sections_load_end__ = __nrf_sections_end__
                0x0000000000000001                . = ASSERT (((__nrf_sections_start__ == __nrf_sections_end__) || ((__nrf_sections_end__ - __FLASH_segment_start__) <= __FLASH_segment_size__)), error: .nrf_sections is too large to fit in FLASH memory segment)
                0x0000000000005984                __log_dynamic_data_load_start__ = ALIGN (__nrf_sections_end__, 0x4)

.log_dynamic_data
                0x0000000020000000        0x0 load address 0x0000000000005984
                0x0000000020000000                __log_dynamic_data_start__ = .
 *(SORT_BY_NAME(.log_dynamic_data*))
                0x0000000020000000                __log_dynamic_data_end__ = (__log_dynamic_data_start__ + SIZEOF (.log_dynamic_data))
                0x0000000000000000                __log_dynamic_data_size__ = SIZEOF (.log_dynamic_data)
                0x0000000000005984                __log_dynamic_data_load_end__ = (__log_dynamic_data_load_start__ + SIZEOF (.log_dynamic_data))
                0x0000000000000001                . = ASSERT (((__log_dynamic_data_load_start__ == __log_dynamic_data_load_end__) || ((__log_dynamic_data_load_end__ - __FLASH_segment_start__) <= __FLASH_segment_size__)), error: .log_dynamic_data is too large to fit in FLASH memory segment)

.log_dynamic_data_run
                0x0000000020000000        0x0
                0x0000000020000000                __log_dynamic_data_run_start__ = .
                0x0000000020000000                __start_log_dynamic_data = __log_dynamic_data_run_start__
                0x0000000020000000                __log_dynamic_data_run_end__ = (__log_dynamic_data_run_start__ + SIZEOF (.log_dynamic_data))
                0x0000000000000000                __log_dynamic_data_run_size__ = (__log_dynamic_data_run_end__ - __log_dynamic_data_run_start__)
                0x0000000020000000                __stop_log_dynamic_data = __log_dynamic_data_run_end__
                0x0000000020000000                __log_dynamic_data_run_load_end__ = __log_dynamic_data_run_end__
                0x0000000000000001                . = ASSERT (((__log_dynamic_data_run_start__ == __log_dynamic_data_run_end__) || ((__log_dynamic_data_run_end__ - __RAM1_segment_start__) <= __RAM1_segment_size__)), error: .log_dynamic_data_run is too large to fit in RAM1 memory segment)
                0x0000000000005984                __log_filter_data_load_start__ = ALIGN ((__log_dynamic_data_load_start__ + SIZEOF (.log_dynamic_data)), 0x4)

.log_filter_data
                0x0000000020000000        0x0 load address 0x0000000000005984
                0x0000000020000000                __log_filter_data_start__ = .
 *(SORT_BY_NAME(.log_filter_data*))
                0x0000000020000000                __log_filter_data_end__ = (__log_filter_data_start__ + SIZEOF (.log_filter_data))
                0x0000000000000000                __log_filter_data_size__ = SIZEOF (.log_filter_data)
                0x0000000000005984                __log_filter_data_load_end__ = (__log_filter_data_load_start__ + SIZEOF (.log_filter_data))
                0x0000000000000001                . = ASSERT (((__log_filter_data_load_start__ == __log_filter_data_load_end__) || ((__log_filter_data_load_end__ - __FLASH_segment_start__) <= __FLASH_segment_size__)), error: .log_filter_data is too large to fit in FLASH memory segment)

.log_filter_data_run
                0x0000000020000000        0x0
                0x0000000020000000                __log_filter_data_run_start__ = .
                0x0000000020000000                __start_log_filter_data = __log_filter_data_run_start__
                0x0000000020000000                __log_filter_data_run_end__ = (__log_filter_data_run_start__ + SIZEOF (.log_filter_data))
                0x0000000000000000                __log_filter_data_run_size__ = (__log_filter_data_run_end__ - __log_filter_data_run_start__)
                0x0000000020000000                __stop_log_filter_data = __log_filter_data_run_end__
                0x0000000020000000                __log_filter_data_run_load_end__ = __log_filter_data_run_end__
                0x0000000000000001                . = ASSERT (((__log_filter_data_run_start__ == __log_filter_data_run_end__) || ((__log_filter_data_run_end__ - __RAM1_segment_start__) <= __RAM1_segment_size__)), error: .log_filter_data_run is too large to fit in RAM1 memory segment)
                0x0000000020000000                __nrf_sections_run_end_load_start__ = ALIGN (__log_filter_data_run_end__, 0x4)

.nrf_sections_run_end
                0x0000000020000000        0x0
                0x0000000020000000                __nrf_sections_run_end_start__ = .
                0x0000000020000000                __end_nrf_sections_run = __nrf_sections_run_end_start__
 *(.nrf_sections_run_end .nrf_sections_run_end.*)
                0x0000000020000000                __nrf_sections_run_end_end__ = (__nrf_sections_run_end_start__ + SIZEOF (.nrf_sections_run_end))
                0x0000000000000000                __nrf_sections_run_end_size__ = SIZEOF (.nrf_sections_run_end)
                0x0000000020000000                __nrf_sections_run_end_load_end__ = __nrf_sections_run_end_end__
                0x0000000000000001                . = ASSERT (((__nrf_sections_run_end_start__ == __nrf_sections_run_end_end__) || ((__nrf_sections_run_end_end__ - __RAM1_segment_start__) <= __RAM1_segment_size__)), error: .nrf_sections_run_end is too large to fit in RAM1 memory segment)
                0x0000000000005984                __dtors_load_start__ = ALIGN ((__log_filter_data_load_start__ + SIZEOF (.log_filter_data)), 0x4)

.dtors          0x0000000000005984        0x0
                0x0000000000005984                __dtors_start__ = .
 *(SORT_BY_NAME(.dtors.*))
 *(.dtors)
 *(.fini_array)
 *(SORT_BY_NAME(.fini_array.*))
                0x0000000000005984                __dtors_end__ = (__dtors_start__ + SIZEOF (.dtors))
                0x0000000000000000                __dtors_size__ = SIZEOF (.dtors)
                0x0000000000005984                __dtors_load_end__ = __dtors_end__
                0x0000000000000001                . = ASSERT (((__dtors_start__ == __dtors_end__) || ((__dtors_end__ - __FLASH_segment_start__) <= __FLASH_segment_size__)), error: .dtors is too large to fit in FLASH memory segment)
                0x0000000000005984                __ctors_load_start__ = ALIGN (__dtors_end__, 0x4)

.ctors          0x0000000000005984        0x0
                0x0000000000005984                __ctors_start__ = .
 *(SORT_BY_NAME(.ctors.*))
 *(.ctors)
 *(.init_array)
 *(SORT_BY_NAME(.init_array.*))
                0x0000000000005984                __ctors_end__ = (__ctors_start__ + SIZEOF (.ctors))
                0x0000000000000000                __ctors_size__ = SIZEOF (.ctors)
                0x0000000000005984                __ctors_load_end__ = __ctors_end__
                0x0000000000000001                . = ASSERT (((__ctors_start__ == __ctors_end__) || ((__ctors_end__ - __FLASH_segment_start__) <= __FLASH_segment_size__)), error: .ctors is too large to fit in FLASH memory segment)
                0x0000000000005984                __rodata_load_start__ = ALIGN (__ctors_end__, 0x4)

.rodata         0x0000000000005984      0xede
                0x0000000000005984                __rodata_start__ = .
 *(.rodata .rodata.* .gnu.linkonce.r.*)
 .rodata        0x0000000000005984       0x8c Output/Debug/Obj/I2S_Sender/nrf_log_backend_uart.o
 .rodata.nrf_log_backend_uart_api
                0x0000000000005a10        0xc Output/Debug/Obj/I2S_Sender/nrf_log_backend_uart.o
                0x0000000000005a10                nrf_log_backend_uart_api
 .rodata        0x0000000000005a1c       0x83 Output/Debug/Obj/I2S_Sender/nrf_log_default_backends.o
 *fill*         0x0000000000005a9f        0x1 
 .rodata.m_log_push_ringbuf
                0x0000000000005aa0        0xc Output/Debug/Obj/I2S_Sender/nrf_log_frontend.o
 .rodata        0x0000000000005aac       0x7d Output/Debug/Obj/I2S_Sender/nrf_log_frontend.o
 *fill*         0x0000000000005b29        0x3 
 .rodata        0x0000000000005b2c       0xaa Output/Debug/Obj/I2S_Sender/nrf_log_str_formatter.o
 *fill*         0x0000000000005bd6        0x2 
 .rodata        0x0000000000005bd8       0x70 Output/Debug/Obj/I2S_Sender/app_error_weak.o
 .rodata        0x0000000000005c48       0x65 Output/Debug/Obj/I2S_Sender/app_util_platform.o
 *fill*         0x0000000000005cad        0x3 
 .rodata        0x0000000000005cb0       0x60 Output/Debug/Obj/I2S_Sender/nrf_balloc.o
 .rodata        0x0000000000005d10       0x56 Output/Debug/Obj/I2S_Sender/nrf_fprintf.o
 *fill*         0x0000000000005d66        0x2 
 .rodata        0x0000000000005d68       0x5d Output/Debug/Obj/I2S_Sender/nrf_fprintf_format.o
 *fill*         0x0000000000005dc5        0x3 
 .rodata._aV2C.0
                0x0000000000005dc8       0x10 Output/Debug/Obj/I2S_Sender/nrf_fprintf_format.o
 .rodata        0x0000000000005dd8       0x60 Output/Debug/Obj/I2S_Sender/nrf_memobj.o
 .rodata.m_unknown_str
                0x0000000000005e38       0x13 Output/Debug/Obj/I2S_Sender/nrf_strerror.o
 *fill*         0x0000000000005e4b        0x1 
 .rodata        0x0000000000005e4c      0x3bd Output/Debug/Obj/I2S_Sender/nrf_strerror.o
 *fill*         0x0000000000006209        0x3 
 .rodata.nrf_strerror_array
                0x000000000000620c      0x118 Output/Debug/Obj/I2S_Sender/nrf_strerror.o
 .rodata        0x0000000000006324       0xa7 Output/Debug/Obj/I2S_Sender/nrfx_i2s.o
 *fill*         0x00000000000063cb        0x1 
 .rodata        0x00000000000063cc       0x63 Output/Debug/Obj/I2S_Sender/nrfx_prs.o
 *fill*         0x000000000000642f        0x1 
 .rodata        0x0000000000006430       0xac Output/Debug/Obj/I2S_Sender/nrfx_uart.o
 .rodata.irq_handlers.0
                0x00000000000064dc        0x4 Output/Debug/Obj/I2S_Sender/nrfx_uart.o
 .rodata        0x00000000000064e0       0xad Output/Debug/Obj/I2S_Sender/nrfx_uarte.o
 *fill*         0x000000000000658d        0x3 
 .rodata.irq_handlers.0
                0x0000000000006590        0x4 Output/Debug/Obj/I2S_Sender/nrfx_uarte.o
 .rodata.Buffers
                0x0000000000006594        0x8 Output/Debug/Obj/I2S_Sender/main.o
 .rodata        0x000000000000659c       0x74 Output/Debug/Obj/I2S_Sender/main.o
 .rodata.default_config.0
                0x0000000000006610       0x14 Output/Debug/Obj/I2S_Sender/main.o
 .rodata.libc.__RAL_find_locale.str1.4
                0x0000000000006624        0xa D:/Segger/lib/libc_v7em_fpv4_sp_d16_hard_t_le_eabi.a(libc2.o)
 *fill*         0x000000000000662e        0x2 
 .rodata.libc.__RAL_ascii_ctype_map
                0x0000000000006630       0x80 D:/Segger/lib/libc_v7em_fpv4_sp_d16_hard_t_le_eabi.a(libc2.o)
                0x0000000000006630                __RAL_ascii_ctype_map
 .rodata.libc.__RAL_ascii_ctype_mask
                0x00000000000066b0        0xd D:/Segger/lib/libc_v7em_fpv4_sp_d16_hard_t_le_eabi.a(libc2.o)
 *fill*         0x00000000000066bd        0x3 
 .rodata.libc.__RAL_c_locale
                0x00000000000066c0        0xc D:/Segger/lib/libc_v7em_fpv4_sp_d16_hard_t_le_eabi.a(libc2.o)
                0x00000000000066c0                __RAL_c_locale
 .rodata.libc.__RAL_c_locale_abbrev_day_names
                0x00000000000066cc       0x1d D:/Segger/lib/libc_v7em_fpv4_sp_d16_hard_t_le_eabi.a(libc2.o)
                0x00000000000066cc                __RAL_c_locale_abbrev_day_names
 *fill*         0x00000000000066e9        0x3 
 .rodata.libc.__RAL_c_locale_abbrev_month_names
                0x00000000000066ec       0x31 D:/Segger/lib/libc_v7em_fpv4_sp_d16_hard_t_le_eabi.a(libc2.o)
                0x00000000000066ec                __RAL_c_locale_abbrev_month_names
 *fill*         0x000000000000671d        0x3 
 .rodata.libc.__RAL_c_locale_am_pm_indicator
                0x0000000000006720        0x7 D:/Segger/lib/libc_v7em_fpv4_sp_d16_hard_t_le_eabi.a(libc2.o)
                0x0000000000006720                __RAL_c_locale_am_pm_indicator
 *fill*         0x0000000000006727        0x1 
 .rodata.libc.__RAL_c_locale_data
                0x0000000000006728       0x58 D:/Segger/lib/libc_v7em_fpv4_sp_d16_hard_t_le_eabi.a(libc2.o)
                0x0000000000006728                __RAL_c_locale_data
 .rodata.libc.__RAL_c_locale_date_format
                0x0000000000006780        0x9 D:/Segger/lib/libc_v7em_fpv4_sp_d16_hard_t_le_eabi.a(libc2.o)
                0x0000000000006780                __RAL_c_locale_date_format
 *fill*         0x0000000000006789        0x3 
 .rodata.libc.__RAL_c_locale_date_time_format
                0x000000000000678c        0xf D:/Segger/lib/libc_v7em_fpv4_sp_d16_hard_t_le_eabi.a(libc2.o)
                0x000000000000678c                __RAL_c_locale_date_time_format
 *fill*         0x000000000000679b        0x1 
 .rodata.libc.__RAL_c_locale_day_names
                0x000000000000679c       0x3a D:/Segger/lib/libc_v7em_fpv4_sp_d16_hard_t_le_eabi.a(libc2.o)
                0x000000000000679c                __RAL_c_locale_day_names
 *fill*         0x00000000000067d6        0x2 
 .rodata.libc.__RAL_c_locale_month_names
                0x00000000000067d8       0x57 D:/Segger/lib/libc_v7em_fpv4_sp_d16_hard_t_le_eabi.a(libc2.o)
                0x00000000000067d8                __RAL_c_locale_month_names
 *fill*         0x000000000000682f        0x1 
 .rodata.libc.__RAL_c_locale_time_format
                0x0000000000006830        0x9 D:/Segger/lib/libc_v7em_fpv4_sp_d16_hard_t_le_eabi.a(libc2.o)
                0x0000000000006830                __RAL_c_locale_time_format
 *fill*         0x0000000000006839        0x3 
 .rodata.libc.__RAL_codeset_ascii
                0x000000000000683c       0x20 D:/Segger/lib/libc_v7em_fpv4_sp_d16_hard_t_le_eabi.a(libc2.o)
                0x000000000000683c                __RAL_codeset_ascii
 .rodata.libc.__RAL_data_empty_string
                0x000000000000685c        0x1 D:/Segger/lib/libc_v7em_fpv4_sp_d16_hard_t_le_eabi.a(libc2.o)
                0x000000000000685c                __RAL_data_empty_string
 *fill*         0x000000000000685d        0x3 
 .rodata.libc.__RAL_data_utf8_period
                0x0000000000006860        0x2 D:/Segger/lib/libc_v7em_fpv4_sp_d16_hard_t_le_eabi.a(libc2.o)
                0x0000000000006860                __RAL_data_utf8_period
                0x0000000000006862                __rodata_end__ = (__rodata_start__ + SIZEOF (.rodata))
                0x0000000000000ede                __rodata_size__ = SIZEOF (.rodata)
                0x0000000000006862                __rodata_load_end__ = __rodata_end__

.rel.dyn        0x0000000000006864        0x0
 .rel.iplt      0x0000000000006864        0x0 Output/Debug/Obj/I2S_Sender/thumb_crt0.o
                0x0000000000000001                . = ASSERT (((__rodata_start__ == __rodata_end__) || ((__rodata_end__ - __FLASH_segment_start__) <= __FLASH_segment_size__)), error: .rodata is too large to fit in FLASH memory segment)
                0x0000000000006864                __ARM.exidx_load_start__ = ALIGN (__rodata_end__, 0x4)

.ARM.exidx      0x0000000000006864        0x0
                0x0000000000006864                __ARM.exidx_start__ = .
                0x0000000000006864                __exidx_start = __ARM.exidx_start__
 *(.ARM.exidx .ARM.exidx.*)
                0x0000000000006864                __ARM.exidx_end__ = (__ARM.exidx_start__ + SIZEOF (.ARM.exidx))
                0x0000000000000000                __ARM.exidx_size__ = SIZEOF (.ARM.exidx)
                0x0000000000006864                __exidx_end = __ARM.exidx_end__
                0x0000000000006864                __ARM.exidx_load_end__ = __ARM.exidx_end__
                0x0000000000000001                . = ASSERT (((__ARM.exidx_start__ == __ARM.exidx_end__) || ((__ARM.exidx_end__ - __FLASH_segment_start__) <= __FLASH_segment_size__)), error: .ARM.exidx is too large to fit in FLASH memory segment)
                0x0000000000006864                __fast_load_start__ = ALIGN (__ARM.exidx_end__, 0x4)

.fast           0x0000000020000000        0x0 load address 0x0000000000006864
                0x0000000020000000                __fast_start__ = .
 *(.fast .fast.*)
                0x0000000020000000                __fast_end__ = (__fast_start__ + SIZEOF (.fast))
                0x0000000000000000                __fast_size__ = SIZEOF (.fast)
                0x0000000000006864                __fast_load_end__ = (__fast_load_start__ + SIZEOF (.fast))
                0x0000000000000001                . = ASSERT (((__fast_load_start__ == __fast_load_end__) || ((__fast_load_end__ - __FLASH_segment_start__) <= __FLASH_segment_size__)), error: .fast is too large to fit in FLASH memory segment)

.fast_run       0x0000000020000000        0x0
                0x0000000020000000                __fast_run_start__ = .
                0x0000000020000000                __fast_run_end__ = (__fast_run_start__ + SIZEOF (.fast))
                0x0000000000000000                __fast_run_size__ = (__fast_run_end__ - __fast_run_start__)
                0x0000000020000000                __fast_run_load_end__ = __fast_run_end__
                0x0000000000000001                . = ASSERT (((__fast_run_start__ == __fast_run_end__) || ((__fast_run_end__ - __RAM1_segment_start__) <= __RAM1_segment_size__)), error: .fast_run is too large to fit in RAM1 memory segment)
                0x0000000000006864                __data_load_start__ = ALIGN ((__fast_load_start__ + SIZEOF (.fast)), 0x4)

.data           0x0000000020000000       0x70 load address 0x0000000000006864
                0x0000000020000000                __data_start__ = .
 *(.data .data.* .gnu.linkonce.d.*)
 .data.m_uart   0x0000000020000000       0x14 Output/Debug/Obj/I2S_Sender/nrf_log_backend_uart.o
                0x0000000020000000                m_uart
 .data.log_backend_cb_uart_log_backend
                0x0000000020000014        0x8 Output/Debug/Obj/I2S_Sender/nrf_log_default_backends.o
 .data.m_buffer_mask
                0x000000002000001c        0x4 Output/Debug/Obj/I2S_Sender/nrf_log_frontend.o
 .data.severity_names
                0x0000000020000020       0x14 Output/Debug/Obj/I2S_Sender/nrf_log_str_formatter.o
 .data.m_colors
                0x0000000020000034       0x24 Output/Debug/Obj/I2S_Sender/nrf_log_str_formatter.o
 .data.SystemCoreClock
                0x0000000020000058        0x4 Output/Debug/Obj/I2S_Sender/system_nrf52.o
                0x0000000020000058                SystemCoreClock
 .data.libc.__RAL_global_locale
                0x000000002000005c       0x14 D:/Segger/lib/libc_v7em_fpv4_sp_d16_hard_t_le_eabi.a(libc2.o)
                0x000000002000005c                __RAL_global_locale
                0x0000000020000070                __data_end__ = (__data_start__ + SIZEOF (.data))
                0x0000000000000070                __data_size__ = SIZEOF (.data)
                0x00000000000068d4                __data_load_end__ = (__data_load_start__ + SIZEOF (.data))

.igot.plt       0x0000000100000000        0x0
 .igot.plt      0x0000000100000000        0x0 Output/Debug/Obj/I2S_Sender/thumb_crt0.o
                0x0000000000000001                . = ASSERT (((__data_load_start__ == __data_load_end__) || ((__data_load_end__ - __FLASH_segment_start__) <= __FLASH_segment_size__)), error: .data is too large to fit in FLASH memory segment)

.data_run       0x0000000020000000        0x0
                0x0000000020000000                __data_run_start__ = .
                0x0000000020000070                __data_run_end__ = (__data_run_start__ + SIZEOF (.data))
                0x0000000000000070                __data_run_size__ = (__data_run_end__ - __data_run_start__)
                0x0000000020000070                __data_run_load_end__ = __data_run_end__
                0x0000000000000001                . = ASSERT (((__data_run_start__ == __data_run_end__) || ((__data_run_end__ - __RAM1_segment_start__) <= __RAM1_segment_size__)), error: .data_run is too large to fit in RAM1 memory segment)
                0x00000000000068d4                __tdata_load_start__ = ALIGN ((__data_load_start__ + SIZEOF (.data)), 0x4)

.tdata          0x0000000020000070        0x0 load address 0x00000000000068d4
                0x0000000020000070                __tdata_start__ = .
 *(.tdata .tdata.*)
                0x0000000020000070                __tdata_end__ = (__tdata_start__ + SIZEOF (.tdata))
                0x0000000000000000                __tdata_size__ = SIZEOF (.tdata)
                0x00000000000068d4                __tdata_load_end__ = (__tdata_load_start__ + SIZEOF (.tdata))
                0x00000000000068d4                __FLASH_segment_used_end__ = (ALIGN ((__data_load_start__ + SIZEOF (.data)), 0x4) + SIZEOF (.tdata))
                0x00000000000068d4                __FLASH_segment_used_size__ = (__FLASH_segment_used_end__ - __FLASH_segment_start__)
                0x0000000000000001                . = ASSERT (((__tdata_load_start__ == __tdata_load_end__) || ((__tdata_load_end__ - __FLASH_segment_start__) <= __FLASH_segment_size__)), error: .tdata is too large to fit in FLASH memory segment)

.tdata_run      0x0000000020000070        0x0
                0x0000000020000070                __tdata_run_start__ = .
                0x0000000020000070                __tdata_run_end__ = (__tdata_run_start__ + SIZEOF (.tdata))
                0x0000000000000000                __tdata_run_size__ = (__tdata_run_end__ - __tdata_run_start__)
                0x0000000020000070                __tdata_run_load_end__ = __tdata_run_end__
                0x0000000000000001                . = ASSERT (((__tdata_run_start__ == __tdata_run_end__) || ((__tdata_run_end__ - __RAM1_segment_start__) <= __RAM1_segment_size__)), error: .tdata_run is too large to fit in RAM1 memory segment)
                0x0000000020000070                __bss_load_start__ = ALIGN (__tdata_run_end__, 0x4)

.bss            0x0000000020000070      0x6b1
                0x0000000020000070                __bss_start__ = .
 *(.bss .bss.* .gnu.linkonce.b.*)
 .bss.m_string_buff
                0x0000000020000070       0x40 Output/Debug/Obj/I2S_Sender/nrf_log_backend_uart.o
 .bss.m_xfer_done
                0x00000000200000b0        0x1 Output/Debug/Obj/I2S_Sender/nrf_log_backend_uart.o
 .bss.m_async_mode
                0x00000000200000b1        0x1 Output/Debug/Obj/I2S_Sender/nrf_log_backend_uart.o
 *fill*         0x00000000200000b2        0x2 
 .bss.log_mempool_nrf_balloc_pool_stack
                0x00000000200000b4        0x8 Output/Debug/Obj/I2S_Sender/nrf_log_frontend.o
 .bss.log_mempool_nrf_balloc_pool_mem
                0x00000000200000bc       0xc0 Output/Debug/Obj/I2S_Sender/nrf_log_frontend.o
 .bss.log_mempool_nrf_balloc_cb
                0x000000002000017c        0x8 Output/Debug/Obj/I2S_Sender/nrf_log_frontend.o
 .bss.m_log_push_ringbuf_buf
                0x0000000020000184       0x80 Output/Debug/Obj/I2S_Sender/nrf_log_frontend.o
 .bss.m_log_push_ringbuf_cb
                0x0000000020000204       0x18 Output/Debug/Obj/I2S_Sender/nrf_log_frontend.o
 .bss.m_log_data
                0x000000002000021c      0x420 Output/Debug/Obj/I2S_Sender/nrf_log_frontend.o
 .bss.m_error_data.0
                0x000000002000063c       0x20 Output/Debug/Obj/I2S_Sender/app_error.o
 .bss.m_in_critical_region
                0x000000002000065c        0x4 Output/Debug/Obj/I2S_Sender/app_util_platform.o
 .bss.m_handlers
                0x0000000020000660        0x4 Output/Debug/Obj/I2S_Sender/nrf_drv_uart.o
 .bss.m_contexts
                0x0000000020000664        0x4 Output/Debug/Obj/I2S_Sender/nrf_drv_uart.o
 .bss.nrf_drv_uart_use_easy_dma
                0x0000000020000668        0x1 Output/Debug/Obj/I2S_Sender/nrf_drv_uart.o
                0x0000000020000668                nrf_drv_uart_use_easy_dma
 *fill*         0x0000000020000669        0x3 
 .bss.m_cb      0x000000002000066c       0x18 Output/Debug/Obj/I2S_Sender/nrfx_i2s.o
 .bss.m_prs_box_4
                0x0000000020000684        0x8 Output/Debug/Obj/I2S_Sender/nrfx_prs.o
 .bss.m_cb      0x000000002000068c       0x2c Output/Debug/Obj/I2S_Sender/nrfx_uart.o
 .bss.m_cb      0x00000000200006b8       0x24 Output/Debug/Obj/I2S_Sender/nrfx_uarte.o
 .bss.Tx_Buffer
                0x00000000200006dc       0x40 Output/Debug/Obj/I2S_Sender/main.o
 .bss.PacketCounter
                0x000000002000071c        0x4 Output/Debug/Obj/I2S_Sender/main.o
                0x000000002000071c                PacketCounter
 .bss.PacketData
                0x0000000020000720        0x1 Output/Debug/Obj/I2S_Sender/main.o
                0x0000000020000720                PacketData
 *(COMMON)
                0x0000000020000721                __bss_end__ = (__bss_start__ + SIZEOF (.bss))
                0x00000000000006b1                __bss_size__ = SIZEOF (.bss)
                0x0000000020000721                __bss_load_end__ = __bss_end__
                0x0000000000000001                . = ASSERT (((__bss_start__ == __bss_end__) || ((__bss_end__ - __RAM1_segment_start__) <= __RAM1_segment_size__)), error: .bss is too large to fit in RAM1 memory segment)
                0x0000000020000724                __tbss_load_start__ = ALIGN (__bss_end__, 0x4)

.tbss           0x0000000020000724        0x0
                0x0000000020000724                __tbss_start__ = .
 *(.tbss .tbss.*)
                0x0000000020000724                __tbss_end__ = (__tbss_start__ + SIZEOF (.tbss))
                0x0000000000000000                __tbss_size__ = SIZEOF (.tbss)
                0x0000000020000724                __tbss_load_end__ = __tbss_end__
                0x0000000000000001                . = ASSERT (((__tbss_start__ == __tbss_end__) || ((__tbss_end__ - __RAM1_segment_start__) <= __RAM1_segment_size__)), error: .tbss is too large to fit in RAM1 memory segment)
                0x0000000020000724                __non_init_load_start__ = ALIGN (__tbss_end__, 0x4)

.non_init       0x0000000020000724        0x0
                0x0000000020000724                __non_init_start__ = .
 *(.non_init .non_init.*)
                0x0000000020000724                __non_init_end__ = (__non_init_start__ + SIZEOF (.non_init))
                0x0000000000000000                __non_init_size__ = SIZEOF (.non_init)
                0x0000000020000724                __non_init_load_end__ = __non_init_end__
                0x0000000000000001                . = ASSERT (((__non_init_start__ == __non_init_end__) || ((__non_init_end__ - __RAM1_segment_start__) <= __RAM1_segment_size__)), error: .non_init is too large to fit in RAM1 memory segment)
                0x0000000020000724                __heap_load_start__ = ALIGN (__non_init_end__, 0x4)

.heap           0x0000000020000724     0x2000
                0x0000000020000724                __heap_start__ = .
 *(.heap .heap.*)
                0x0000000020002724                . = ALIGN (MAX ((__heap_start__ + __HEAPSIZE__), .), 0x4)
 *fill*         0x0000000020000724     0x2000 
                0x0000000020002724                __heap_end__ = (__heap_start__ + SIZEOF (.heap))
                0x0000000000002000                __heap_size__ = SIZEOF (.heap)
                0x0000000020002724                __heap_load_end__ = __heap_end__
                0x0000000000000001                . = ASSERT (((__heap_start__ == __heap_end__) || ((__heap_end__ - __RAM1_segment_start__) <= __RAM1_segment_size__)), error: .heap is too large to fit in RAM1 memory segment)
                0x000000002000e000                __stack_load_start__ = (__RAM1_segment_start__ + (__RAM1_segment_size__ - 0x2000))

.stack          0x000000002000e000     0x2000
                0x000000002000e000                __stack_start__ = .
                0x000000002000e000                __StackLimit = __stack_start__
 *(.stack .stack.*)
                0x0000000020010000                . = ALIGN (MAX ((__stack_start__ + __STACKSIZE__), .), 0x8)
 *fill*         0x000000002000e000     0x2000 
                0x0000000020010000                __stack_end__ = (__stack_start__ + SIZEOF (.stack))
                0x0000000000002000                __stack_size__ = SIZEOF (.stack)
                0x0000000020010000                __StackTop = __stack_end__
                0x0000000020010000                __stack_load_end__ = __stack_end__
                0x0000000000000001                . = ASSERT (((__stack_start__ == __stack_end__) || ((__stack_end__ - __RAM1_segment_start__) <= __RAM1_segment_size__)), error: .stack is too large to fit in RAM1 memory segment)
                0x0000000000000001                . = ASSERT ((__heap_end__ <= __stack_start__), error: section .heap overlaps absolute placed section .stack)
                0x0000000020010000                __stack_process_load_start__ = ALIGN (__stack_end__, 0x8)

.stack_process  0x0000000020010000        0x0
                0x0000000020010000                __stack_process_start__ = .
 *(.stack_process .stack_process.*)
                0x0000000020010000                . = ALIGN (MAX ((__stack_process_start__ + __STACKSIZE_PROCESS__), .), 0x8)
                0x0000000020010000                __stack_process_end__ = (__stack_process_start__ + SIZEOF (.stack_process))
                0x0000000000000000                __stack_process_size__ = SIZEOF (.stack_process)
                0x0000000020010000                __stack_process_load_end__ = __stack_process_end__
                0x0000000020010000                __RAM1_segment_used_end__ = (ALIGN (__stack_end__, 0x8) + SIZEOF (.stack_process))
                0x0000000000010000                __RAM1_segment_used_size__ = (__RAM1_segment_used_end__ - __RAM1_segment_start__)
                0x0000000000000001                . = ASSERT (((__stack_process_start__ == __stack_process_end__) || ((__stack_process_end__ - __RAM1_segment_start__) <= __RAM1_segment_size__)), error: .stack_process is too large to fit in RAM1 memory segment)
START GROUP
LOAD Output/Debug/Obj/I2S_Sender/thumb_crt0.o
LOAD Output/Debug/Obj/I2S_Sender/nrf_log_backend_rtt.o
LOAD Output/Debug/Obj/I2S_Sender/nrf_log_backend_serial.o
LOAD Output/Debug/Obj/I2S_Sender/nrf_log_backend_uart.o
LOAD Output/Debug/Obj/I2S_Sender/nrf_log_default_backends.o
LOAD Output/Debug/Obj/I2S_Sender/nrf_log_frontend.o
LOAD Output/Debug/Obj/I2S_Sender/nrf_log_str_formatter.o
LOAD Output/Debug/Obj/I2S_Sender/boards.o
LOAD Output/Debug/Obj/I2S_Sender/app_error.o
LOAD Output/Debug/Obj/I2S_Sender/app_error_handler_gcc.o
LOAD Output/Debug/Obj/I2S_Sender/app_error_weak.o
LOAD Output/Debug/Obj/I2S_Sender/app_util_platform.o
LOAD Output/Debug/Obj/I2S_Sender/nrf_assert.o
LOAD Output/Debug/Obj/I2S_Sender/nrf_atomic.o
LOAD Output/Debug/Obj/I2S_Sender/nrf_balloc.o
LOAD Output/Debug/Obj/I2S_Sender/nrf_fprintf.o
LOAD Output/Debug/Obj/I2S_Sender/nrf_fprintf_format.o
LOAD Output/Debug/Obj/I2S_Sender/nrf_memobj.o
LOAD Output/Debug/Obj/I2S_Sender/nrf_ringbuf.o
LOAD Output/Debug/Obj/I2S_Sender/nrf_strerror.o
LOAD Output/Debug/Obj/I2S_Sender/nrf_drv_uart.o
LOAD Output/Debug/Obj/I2S_Sender/nrfx_atomic.o
LOAD Output/Debug/Obj/I2S_Sender/nrfx_i2s.o
LOAD Output/Debug/Obj/I2S_Sender/nrfx_prs.o
LOAD Output/Debug/Obj/I2S_Sender/nrfx_uart.o
LOAD Output/Debug/Obj/I2S_Sender/nrfx_uarte.o
LOAD Output/Debug/Obj/I2S_Sender/main.o
LOAD Output/Debug/Obj/I2S_Sender/SEGGER_RTT.o
LOAD Output/Debug/Obj/I2S_Sender/SEGGER_RTT_Syscalls_SES.o
LOAD Output/Debug/Obj/I2S_Sender/SEGGER_RTT_printf.o
LOAD Output/Debug/Obj/I2S_Sender/ses_startup_nrf52.o
LOAD Output/Debug/Obj/I2S_Sender/ses_startup_nrf_common.o
LOAD Output/Debug/Obj/I2S_Sender/system_nrf52.o
LOAD D:/Segger/lib/libm_v7em_fpv4_sp_d16_hard_t_le_eabi.a
LOAD D:/Segger/lib/libc_v7em_fpv4_sp_d16_hard_t_le_eabi.a
LOAD D:/Segger/lib/libdebugio_v7em_fpv4_sp_d16_hard_t_le_eabi.a
END GROUP
OUTPUT(Output/Debug/Exe/I2S_Sender.elf elf32-littlearm)
LOAD linker stubs

.ARM.attributes
                0x0000000000000000       0x30
 .ARM.attributes
                0x0000000000000000       0x20 Output/Debug/Obj/I2S_Sender/thumb_crt0.o
 .ARM.attributes
                0x0000000000000020       0x39 Output/Debug/Obj/I2S_Sender/nrf_log_backend_serial.o
 .ARM.attributes
                0x0000000000000059       0x39 Output/Debug/Obj/I2S_Sender/nrf_log_backend_uart.o
 .ARM.attributes
                0x0000000000000092       0x39 Output/Debug/Obj/I2S_Sender/nrf_log_default_backends.o
 .ARM.attributes
                0x00000000000000cb       0x39 Output/Debug/Obj/I2S_Sender/nrf_log_frontend.o
 .ARM.attributes
                0x0000000000000104       0x39 Output/Debug/Obj/I2S_Sender/nrf_log_str_formatter.o
 .ARM.attributes
                0x000000000000013d       0x39 Output/Debug/Obj/I2S_Sender/app_error.o
 .ARM.attributes
                0x0000000000000176       0x39 Output/Debug/Obj/I2S_Sender/app_error_handler_gcc.o
 .ARM.attributes
                0x00000000000001af       0x39 Output/Debug/Obj/I2S_Sender/app_error_weak.o
 .ARM.attributes
                0x00000000000001e8       0x39 Output/Debug/Obj/I2S_Sender/app_util_platform.o
 .ARM.attributes
                0x0000000000000221       0x39 Output/Debug/Obj/I2S_Sender/nrf_assert.o
 .ARM.attributes
                0x000000000000025a       0x39 Output/Debug/Obj/I2S_Sender/nrf_atomic.o
 .ARM.attributes
                0x0000000000000293       0x39 Output/Debug/Obj/I2S_Sender/nrf_balloc.o
 .ARM.attributes
                0x00000000000002cc       0x39 Output/Debug/Obj/I2S_Sender/nrf_fprintf.o
 .ARM.attributes
                0x0000000000000305       0x39 Output/Debug/Obj/I2S_Sender/nrf_fprintf_format.o
 .ARM.attributes
                0x000000000000033e       0x39 Output/Debug/Obj/I2S_Sender/nrf_memobj.o
 .ARM.attributes
                0x0000000000000377       0x39 Output/Debug/Obj/I2S_Sender/nrf_ringbuf.o
 .ARM.attributes
                0x00000000000003b0       0x39 Output/Debug/Obj/I2S_Sender/nrf_strerror.o
 .ARM.attributes
                0x00000000000003e9       0x39 Output/Debug/Obj/I2S_Sender/nrf_drv_uart.o
 .ARM.attributes
                0x0000000000000422       0x39 Output/Debug/Obj/I2S_Sender/nrfx_i2s.o
 .ARM.attributes
                0x000000000000045b       0x39 Output/Debug/Obj/I2S_Sender/nrfx_prs.o
 .ARM.attributes
                0x0000000000000494       0x39 Output/Debug/Obj/I2S_Sender/nrfx_uart.o
 .ARM.attributes
                0x00000000000004cd       0x39 Output/Debug/Obj/I2S_Sender/nrfx_uarte.o
 .ARM.attributes
                0x0000000000000506       0x39 Output/Debug/Obj/I2S_Sender/main.o
 .ARM.attributes
                0x000000000000053f       0x20 Output/Debug/Obj/I2S_Sender/ses_startup_nrf52.o
 .ARM.attributes
                0x000000000000055f       0x20 Output/Debug/Obj/I2S_Sender/ses_startup_nrf_common.o
 .ARM.attributes
                0x000000000000057f       0x39 Output/Debug/Obj/I2S_Sender/system_nrf52.o
 .ARM.attributes
                0x00000000000005b8       0x34 D:/Segger/lib/libc_v7em_fpv4_sp_d16_hard_t_le_eabi.a(libc2.o)
 .ARM.attributes
                0x00000000000005ec       0x20 D:/Segger/lib/libc_v7em_fpv4_sp_d16_hard_t_le_eabi.a(libc2_asm.o)

.comment        0x0000000000000000       0x25
 .comment       0x0000000000000000       0x25 Output/Debug/Obj/I2S_Sender/nrf_log_backend_serial.o
                                         0x26 (size before relaxing)
 .comment       0x0000000000000025       0x26 Output/Debug/Obj/I2S_Sender/nrf_log_backend_uart.o
 .comment       0x0000000000000025       0x26 Output/Debug/Obj/I2S_Sender/nrf_log_default_backends.o
 .comment       0x0000000000000025       0x26 Output/Debug/Obj/I2S_Sender/nrf_log_frontend.o
 .comment       0x0000000000000025       0x26 Output/Debug/Obj/I2S_Sender/nrf_log_str_formatter.o
 .comment       0x0000000000000025       0x26 Output/Debug/Obj/I2S_Sender/app_error.o
 .comment       0x0000000000000025       0x26 Output/Debug/Obj/I2S_Sender/app_error_handler_gcc.o
 .comment       0x0000000000000025       0x26 Output/Debug/Obj/I2S_Sender/app_error_weak.o
 .comment       0x0000000000000025       0x26 Output/Debug/Obj/I2S_Sender/app_util_platform.o
 .comment       0x0000000000000025       0x26 Output/Debug/Obj/I2S_Sender/nrf_assert.o
 .comment       0x0000000000000025       0x26 Output/Debug/Obj/I2S_Sender/nrf_atomic.o
 .comment       0x0000000000000025       0x26 Output/Debug/Obj/I2S_Sender/nrf_balloc.o
 .comment       0x0000000000000025       0x26 Output/Debug/Obj/I2S_Sender/nrf_fprintf.o
 .comment       0x0000000000000025       0x26 Output/Debug/Obj/I2S_Sender/nrf_fprintf_format.o
 .comment       0x0000000000000025       0x26 Output/Debug/Obj/I2S_Sender/nrf_memobj.o
 .comment       0x0000000000000025       0x26 Output/Debug/Obj/I2S_Sender/nrf_ringbuf.o
 .comment       0x0000000000000025       0x26 Output/Debug/Obj/I2S_Sender/nrf_strerror.o
 .comment       0x0000000000000025       0x26 Output/Debug/Obj/I2S_Sender/nrf_drv_uart.o
 .comment       0x0000000000000025       0x26 Output/Debug/Obj/I2S_Sender/nrfx_i2s.o
 .comment       0x0000000000000025       0x26 Output/Debug/Obj/I2S_Sender/nrfx_prs.o
 .comment       0x0000000000000025       0x26 Output/Debug/Obj/I2S_Sender/nrfx_uart.o
 .comment       0x0000000000000025       0x26 Output/Debug/Obj/I2S_Sender/nrfx_uarte.o
 .comment       0x0000000000000025       0x26 Output/Debug/Obj/I2S_Sender/main.o
 .comment       0x0000000000000025       0x26 Output/Debug/Obj/I2S_Sender/system_nrf52.o
 .comment       0x0000000000000025       0x26 D:/Segger/lib/libc_v7em_fpv4_sp_d16_hard_t_le_eabi.a(libc2.o)

.debug_line     0x0000000000000000     0xe393
 .debug_line    0x0000000000000000      0x1ec Output/Debug/Obj/I2S_Sender/thumb_crt0.o
 .debug_line    0x00000000000001ec      0x5a0 Output/Debug/Obj/I2S_Sender/nrf_log_backend_serial.o
 .debug_line    0x000000000000078c      0x80b Output/Debug/Obj/I2S_Sender/nrf_log_backend_uart.o
 .debug_line    0x0000000000000f97      0x524 Output/Debug/Obj/I2S_Sender/nrf_log_default_backends.o
 .debug_line    0x00000000000014bb      0xf78 Output/Debug/Obj/I2S_Sender/nrf_log_frontend.o
 .debug_line    0x0000000000002433      0x6c7 Output/Debug/Obj/I2S_Sender/nrf_log_str_formatter.o
 .debug_line    0x0000000000002afa      0x308 Output/Debug/Obj/I2S_Sender/app_error.o
 .debug_line    0x0000000000002e02      0x2f8 Output/Debug/Obj/I2S_Sender/app_error_handler_gcc.o
 .debug_line    0x00000000000030fa      0x57e Output/Debug/Obj/I2S_Sender/app_error_weak.o
 .debug_line    0x0000000000003678      0x3d9 Output/Debug/Obj/I2S_Sender/app_util_platform.o
 .debug_line    0x0000000000003a51      0x285 Output/Debug/Obj/I2S_Sender/nrf_assert.o
 .debug_line    0x0000000000003cd6      0x537 Output/Debug/Obj/I2S_Sender/nrf_atomic.o
 .debug_line    0x000000000000420d      0x5c6 Output/Debug/Obj/I2S_Sender/nrf_balloc.o
 .debug_line    0x00000000000047d3      0x38e Output/Debug/Obj/I2S_Sender/nrf_fprintf.o
 .debug_line    0x0000000000004b61      0x681 Output/Debug/Obj/I2S_Sender/nrf_fprintf_format.o
 .debug_line    0x00000000000051e2      0x64c Output/Debug/Obj/I2S_Sender/nrf_memobj.o
 .debug_line    0x000000000000582e      0x768 Output/Debug/Obj/I2S_Sender/nrf_ringbuf.o
 .debug_line    0x0000000000005f96      0x34e Output/Debug/Obj/I2S_Sender/nrf_strerror.o
 .debug_line    0x00000000000062e4      0x5c1 Output/Debug/Obj/I2S_Sender/nrf_drv_uart.o
 .debug_line    0x00000000000068a5      0xd64 Output/Debug/Obj/I2S_Sender/nrfx_i2s.o
 .debug_line    0x0000000000007609      0x659 Output/Debug/Obj/I2S_Sender/nrfx_prs.o
 .debug_line    0x0000000000007c62     0x111b Output/Debug/Obj/I2S_Sender/nrfx_uart.o
 .debug_line    0x0000000000008d7d     0x10bf Output/Debug/Obj/I2S_Sender/nrfx_uarte.o
 .debug_line    0x0000000000009e3c      0x7ab Output/Debug/Obj/I2S_Sender/main.o
 .debug_line    0x000000000000a5e7       0x9a Output/Debug/Obj/I2S_Sender/ses_startup_nrf52.o
 .debug_line    0x000000000000a681       0xbc Output/Debug/Obj/I2S_Sender/ses_startup_nrf_common.o
 .debug_line    0x000000000000a73d     0x3c56 Output/Debug/Obj/I2S_Sender/system_nrf52.o

.debug_info     0x0000000000000000    0x1173c
 .debug_info    0x0000000000000000       0x22 Output/Debug/Obj/I2S_Sender/thumb_crt0.o
 .debug_info    0x0000000000000022      0x62f Output/Debug/Obj/I2S_Sender/nrf_log_backend_serial.o
 .debug_info    0x0000000000000651      0xf61 Output/Debug/Obj/I2S_Sender/nrf_log_backend_uart.o
 .debug_info    0x00000000000015b2      0x282 Output/Debug/Obj/I2S_Sender/nrf_log_default_backends.o
 .debug_info    0x0000000000001834     0x1844 Output/Debug/Obj/I2S_Sender/nrf_log_frontend.o
 .debug_info    0x0000000000003078      0x48e Output/Debug/Obj/I2S_Sender/nrf_log_str_formatter.o
 .debug_info    0x0000000000003506      0x264 Output/Debug/Obj/I2S_Sender/app_error.o
 .debug_info    0x000000000000376a       0xe3 Output/Debug/Obj/I2S_Sender/app_error_handler_gcc.o
 .debug_info    0x000000000000384d      0x2c9 Output/Debug/Obj/I2S_Sender/app_error_weak.o
 .debug_info    0x0000000000003b16      0x722 Output/Debug/Obj/I2S_Sender/app_util_platform.o
 .debug_info    0x0000000000004238      0x10f Output/Debug/Obj/I2S_Sender/nrf_assert.o
 .debug_info    0x0000000000004347      0x878 Output/Debug/Obj/I2S_Sender/nrf_atomic.o
 .debug_info    0x0000000000004bbf      0x2d2 Output/Debug/Obj/I2S_Sender/nrf_balloc.o
 .debug_info    0x0000000000004e91      0x1fb Output/Debug/Obj/I2S_Sender/nrf_fprintf.o
 .debug_info    0x000000000000508c      0x481 Output/Debug/Obj/I2S_Sender/nrf_fprintf_format.o
 .debug_info    0x000000000000550d      0x695 Output/Debug/Obj/I2S_Sender/nrf_memobj.o
 .debug_info    0x0000000000005ba2      0x484 Output/Debug/Obj/I2S_Sender/nrf_ringbuf.o
 .debug_info    0x0000000000006026      0x1c8 Output/Debug/Obj/I2S_Sender/nrf_strerror.o
 .debug_info    0x00000000000061ee     0x10d1 Output/Debug/Obj/I2S_Sender/nrf_drv_uart.o
 .debug_info    0x00000000000072bf     0x17f1 Output/Debug/Obj/I2S_Sender/nrfx_i2s.o
 .debug_info    0x0000000000008ab0      0x740 Output/Debug/Obj/I2S_Sender/nrfx_prs.o
 .debug_info    0x00000000000091f0     0x1e3d Output/Debug/Obj/I2S_Sender/nrfx_uart.o
 .debug_info    0x000000000000b02d     0x1f86 Output/Debug/Obj/I2S_Sender/nrfx_uarte.o
 .debug_info    0x000000000000cfb3      0x667 Output/Debug/Obj/I2S_Sender/main.o
 .debug_info    0x000000000000d61a       0x23 Output/Debug/Obj/I2S_Sender/ses_startup_nrf52.o
 .debug_info    0x000000000000d63d       0x23 Output/Debug/Obj/I2S_Sender/ses_startup_nrf_common.o
 .debug_info    0x000000000000d660     0x40dc Output/Debug/Obj/I2S_Sender/system_nrf52.o

.debug_abbrev   0x0000000000000000     0x2c53
 .debug_abbrev  0x0000000000000000       0x12 Output/Debug/Obj/I2S_Sender/thumb_crt0.o
 .debug_abbrev  0x0000000000000012      0x1be Output/Debug/Obj/I2S_Sender/nrf_log_backend_serial.o
 .debug_abbrev  0x00000000000001d0      0x296 Output/Debug/Obj/I2S_Sender/nrf_log_backend_uart.o
 .debug_abbrev  0x0000000000000466      0x12d Output/Debug/Obj/I2S_Sender/nrf_log_default_backends.o
 .debug_abbrev  0x0000000000000593      0x46b Output/Debug/Obj/I2S_Sender/nrf_log_frontend.o
 .debug_abbrev  0x00000000000009fe      0x18c Output/Debug/Obj/I2S_Sender/nrf_log_str_formatter.o
 .debug_abbrev  0x0000000000000b8a      0x114 Output/Debug/Obj/I2S_Sender/app_error.o
 .debug_abbrev  0x0000000000000c9e       0x7a Output/Debug/Obj/I2S_Sender/app_error_handler_gcc.o
 .debug_abbrev  0x0000000000000d18      0x163 Output/Debug/Obj/I2S_Sender/app_error_weak.o
 .debug_abbrev  0x0000000000000e7b      0x259 Output/Debug/Obj/I2S_Sender/app_util_platform.o
 .debug_abbrev  0x00000000000010d4       0xab Output/Debug/Obj/I2S_Sender/nrf_assert.o
 .debug_abbrev  0x000000000000117f      0x121 Output/Debug/Obj/I2S_Sender/nrf_atomic.o
 .debug_abbrev  0x00000000000012a0      0x183 Output/Debug/Obj/I2S_Sender/nrf_balloc.o
 .debug_abbrev  0x0000000000001423      0x106 Output/Debug/Obj/I2S_Sender/nrf_fprintf.o
 .debug_abbrev  0x0000000000001529      0x1bf Output/Debug/Obj/I2S_Sender/nrf_fprintf_format.o
 .debug_abbrev  0x00000000000016e8      0x17b Output/Debug/Obj/I2S_Sender/nrf_memobj.o